Component: ARM Compiler 5.06 update 6 (build 750) Tool: armlink [4d35ed]

==============================================================================

Section Cross References

    startup_stm32f302x8.o(RESET) refers to startup_stm32f302x8.o(STACK) for __initial_sp
    startup_stm32f302x8.o(RESET) refers to startup_stm32f302x8.o(.text) for Reset_Handler
    startup_stm32f302x8.o(RESET) refers to stm32f3xx_it.o(i.NMI_Handler) for NMI_Handler
    startup_stm32f302x8.o(RESET) refers to stm32f3xx_it.o(i.HardFault_Handler) for HardFault_Handler
    startup_stm32f302x8.o(RESET) refers to stm32f3xx_it.o(i.MemManage_Handler) for MemManage_Handler
    startup_stm32f302x8.o(RESET) refers to stm32f3xx_it.o(i.BusFault_Handler) for BusFault_Handler
    startup_stm32f302x8.o(RESET) refers to stm32f3xx_it.o(i.UsageFault_Handler) for UsageFault_Handler
    startup_stm32f302x8.o(RESET) refers to stm32f3xx_it.o(i.SVC_Handler) for SVC_Handler
    startup_stm32f302x8.o(RESET) refers to stm32f3xx_it.o(i.DebugMon_Handler) for DebugMon_Handler
    startup_stm32f302x8.o(RESET) refers to stm32f3xx_it.o(i.PendSV_Handler) for PendSV_Handler
    startup_stm32f302x8.o(RESET) refers to stm32f3xx_it.o(i.SysTick_Handler) for SysTick_Handler
    startup_stm32f302x8.o(RESET) refers to stm32f3xx_it.o(i.EXTI2_TSC_IRQHandler) for EXTI2_TSC_IRQHandler
    startup_stm32f302x8.o(RESET) refers to stm32f3xx_it.o(i.DMA1_Channel1_IRQHandler) for DMA1_Channel1_IRQHandler
    startup_stm32f302x8.o(RESET) refers to stm32f3xx_it.o(i.USART3_IRQHandler) for USART3_IRQHandler
    startup_stm32f302x8.o(.text) refers to system_stm32f3xx.o(i.SystemInit) for SystemInit
    startup_stm32f302x8.o(.text) refers to entry.o(.ARM.Collect$$$$00000000) for __main
    ads8864.o(i.ADS8864_ReadValue) refers to ads8864.o(i.Convst_Reset) for Convst_Reset
    ads8864.o(i.ADS8864_ReadValue) refers to stm32f3xx_hal_spi.o(i.HAL_SPI_Receive) for HAL_SPI_Receive
    ads8864.o(i.ADS8864_ReadValue) refers to ads8864.o(i.Convst_Set) for Convst_Set
    ads8864.o(i.ADS8864_ReadValue) refers to ads8864.o(.data) for adc_data
    ads8864.o(i.ADS8864_ReadValue) refers to spi.o(.bss) for hspi2
    ads8864.o(i.ADS8864_ReadValue) refers to ads8864.o(.bss) for adc_rawdata
    ads8864.o(i.Mean_filter) refers to arm_mean_q31.o(.text.arm_mean_q31) for arm_mean_q31
    ads8864.o(i.Mean_filter) refers to ads8864.o(.data) for adc_mean
    ads8864.o(i.Mean_filter) refers to ads8864.o(.bss) for adc_rawdata
    ads8864.o(i.ads8864_Init) refers to ads8864.o(i.DIN_Set) for DIN_Set
    ads8864.o(i.ads8864_Init) refers to ads8864.o(i.Convst_Set) for Convst_Set
    ads8864.o(i.ads8864_Init) refers to stm32f3xx_ll_utils.o(i.LL_mDelay) for LL_mDelay
    can_bsp.o(i.CAN_Init) refers to stm32f3xx_hal_can.o(i.HAL_CAN_ConfigFilter) for HAL_CAN_ConfigFilter
    can_bsp.o(i.CAN_Init) refers to stm32f3xx_hal_can.o(i.HAL_CAN_Start) for HAL_CAN_Start
    can_bsp.o(i.CAN_Init) refers to can.o(.bss) for hcan
    can_bsp.o(i.CAN_SendData) refers to stm32f3xx_hal_can.o(i.HAL_CAN_GetTxMailboxesFreeLevel) for HAL_CAN_GetTxMailboxesFreeLevel
    can_bsp.o(i.CAN_SendData) refers to stm32f3xx_hal_can.o(i.HAL_CAN_AddTxMessage) for HAL_CAN_AddTxMessage
    oled.o(i.oled_clear) refers to oled.o(i.oled_full) for oled_full
    oled.o(i.oled_cmd) refers to stm32f3xx_hal_i2c.o(i.HAL_I2C_Mem_Write) for HAL_I2C_Mem_Write
    oled.o(i.oled_cmd) refers to i2c.o(.bss) for hi2c1
    oled.o(i.oled_data) refers to stm32f3xx_hal_i2c.o(i.HAL_I2C_Mem_Write) for HAL_I2C_Mem_Write
    oled.o(i.oled_data) refers to i2c.o(.bss) for hi2c1
    oled.o(i.oled_full) refers to oled.o(i.oled_cmd) for oled_cmd
    oled.o(i.oled_full) refers to oled.o(i.oled_data) for oled_data
    oled.o(i.oled_init) refers to stm32f3xx_hal.o(i.HAL_Delay) for HAL_Delay
    oled.o(i.oled_init) refers to oled.o(i.oled_cmd) for oled_cmd
    oled.o(i.oled_init) refers to oled.o(i.oled_full) for oled_full
    oled.o(i.oled_origin) refers to oled.o(i.oled_cmd) for oled_cmd
    oled.o(i.oled_show_bmp) refers to oled.o(i.oled_origin) for oled_origin
    oled.o(i.oled_show_bmp) refers to oled.o(i.oled_data) for oled_data
    oled.o(i.oled_show_char) refers to oled.o(i.oled_origin) for oled_origin
    oled.o(i.oled_show_char) refers to oled.o(i.oled_data) for oled_data
    oled.o(i.oled_show_char) refers to oled.o(.constdata) for F8X16
    oled.o(i.oled_show_chinese) refers to oled.o(i.oled_origin) for oled_origin
    oled.o(i.oled_show_chinese) refers to oled.o(i.oled_data) for oled_data
    oled.o(i.oled_show_chinese) refers to oled.o(.data) for Hzk
    oled.o(i.oled_show_info) refers to oled.o(i.oled_show_string) for oled_show_string
    oled.o(i.oled_show_init) refers to oled.o(i.oled_clear) for oled_clear
    oled.o(i.oled_show_init) refers to oled.o(i.oled_show_string) for oled_show_string
    oled.o(i.oled_show_init) refers to oled.o(.data) for Menu
    oled.o(i.oled_show_string) refers to oled.o(i.oled_origin) for oled_origin
[...]
    Removing stm32f3xx_hal_uart.o(i.HAL_UART_Receive_DMA), (100 bytes).
    Removing stm32f3xx_hal_uart.o(i.HAL_UART_Receive_IT), (100 bytes).
    Removing stm32f3xx_hal_uart.o(i.HAL_UART_ReceiverTimeout_Config), (16 bytes).
    Removing stm32f3xx_hal_uart.o(i.HAL_UART_RxCpltCallback), (2 bytes).
    Removing stm32f3xx_hal_uart.o(i.HAL_UART_RxHalfCpltCallback), (2 bytes).
    Removing stm32f3xx_hal_uart.o(i.HAL_UART_Transmit_DMA), (200 bytes).
    Removing stm32f3xx_hal_uart.o(i.HAL_UART_Transmit_IT), (136 bytes).
    Removing stm32f3xx_hal_uart.o(i.HAL_UART_TxHalfCpltCallback), (2 bytes).
    Removing stm32f3xx_hal_uart.o(i.UART_DMAError), (90 bytes).
    Removing stm32f3xx_hal_uart.o(i.UART_DMAReceiveCplt), (166 bytes).
    Removing stm32f3xx_hal_uart.o(i.UART_DMARxAbortCallback), (76 bytes).
    Removing stm32f3xx_hal_uart.o(i.UART_DMARxHalfCplt), (34 bytes).
    Removing stm32f3xx_hal_uart.o(i.UART_DMARxOnlyAbortCallback), (46 bytes).
    Removing stm32f3xx_hal_uart.o(i.UART_DMATransmitCplt), (82 bytes).
    Removing stm32f3xx_hal_uart.o(i.UART_DMATxAbortCallback), (64 bytes).
    Removing stm32f3xx_hal_uart.o(i.UART_DMATxHalfCplt), (14 bytes).
    Removing stm32f3xx_hal_uart.o(i.UART_DMATxOnlyAbortCallback), (24 bytes).
    Removing stm32f3xx_hal_uart.o(i.UART_EndTxTransfer), (32 bytes).
    Removing stm32f3xx_hal_uart.o(i.UART_RxISR_16BIT), (204 bytes).
    Removing stm32f3xx_hal_uart.o(i.UART_RxISR_8BIT), (200 bytes).
    Removing stm32f3xx_hal_uart.o(i.UART_Start_Receive_DMA), (208 bytes).
    Removing stm32f3xx_hal_uart.o(i.UART_Start_Receive_IT), (220 bytes).
    Removing stm32f3xx_hal_uart.o(i.UART_TxISR_16BIT), (96 bytes).
    Removing stm32f3xx_hal_uart.o(i.UART_TxISR_8BIT), (90 bytes).
    Removing stm32f3xx_hal_uart_ex.o(.rev16_text), (4 bytes).
    Removing stm32f3xx_hal_uart_ex.o(.revsh_text), (4 bytes).
    Removing stm32f3xx_hal_uart_ex.o(.rrx_text), (6 bytes).
    Removing stm32f3xx_hal_uart_ex.o(i.HAL_MultiProcessorEx_AddressLength_Set), (62 bytes).
    Removing stm32f3xx_hal_uart_ex.o(i.HAL_RS485Ex_Init), (148 bytes).
    Removing stm32f3xx_hal_uart_ex.o(i.HAL_UARTEx_DisableStopMode), (64 bytes).
    Removing stm32f3xx_hal_uart_ex.o(i.HAL_UARTEx_EnableStopMode), (64 bytes).
    Removing stm32f3xx_hal_uart_ex.o(i.HAL_UARTEx_ReceiveToIdle), (376 bytes).
    Removing stm32f3xx_hal_uart_ex.o(i.HAL_UARTEx_ReceiveToIdle_DMA), (112 bytes).
    Removing stm32f3xx_hal_uart_ex.o(i.HAL_UARTEx_ReceiveToIdle_IT), (112 bytes).
    Removing stm32f3xx_hal_uart_ex.o(i.HAL_UARTEx_StopModeWakeUpSourceConfig), (140 bytes).
    Removing stm32f3xx_hal_uart_ex.o(i.UARTEx_Wakeup_AddressConfig), (38 bytes).
    Removing system_stm32f3xx.o(.rev16_text), (4 bytes).
    Removing system_stm32f3xx.o(.revsh_text), (4 bytes).
    Removing system_stm32f3xx.o(.rrx_text), (6 bytes).
    Removing system_stm32f3xx.o(i.SystemCoreClockUpdate), (160 bytes).
    Removing arm_mean_q31.o(.text), (0 bytes).
    Removing arm_mean_q31.o(.ARM.exidx.text.arm_mean_q31), (8 bytes).
    Removing dadd.o(.text), (334 bytes).
    Removing dmul.o(.text), (228 bytes).
    Removing ddiv.o(.text), (222 bytes).
    Removing dfixul.o(.text), (48 bytes).
    Removing cdrcmple.o(.text), (48 bytes).
    Removing depilogue.o(.text), (186 bytes).

718 unused section(s) (total 71328 bytes) removed from the image.

==============================================================================

Image Symbol Table

    Local Symbols

    Symbol Name                              Value     Ov Type        Size  Object(Section)

    ../Core/Src/can.c                        0x00000000   Number         0  can.o ABSOLUTE
    ../Core/Src/dma.c                        0x00000000   Number         0  dma.o ABSOLUTE
    ../Core/Src/gpio.c                       0x00000000   Number         0  gpio.o ABSOLUTE
    ../Core/Src/i2c.c                        0x00000000   Number         0  i2c.o ABSOLUTE
    ../Core/Src/main.c                       0x00000000   Number         0  main.o ABSOLUTE
    ../Core/Src/spi.c                        0x00000000   Number         0  spi.o ABSOLUTE
    ../Core/Src/stm32f3xx_hal_msp.c          0x00000000   Number         0  stm32f3xx_hal_msp.o ABSOLUTE
    ../Core/Src/stm32f3xx_it.c               0x00000000   Number         0  stm32f3xx_it.o ABSOLUTE
    ../Core/Src/system_stm32f3xx.c           0x00000000   Number         0  system_stm32f3xx.o ABSOLUTE
    ../Core/Src/tim.c                        0x00000000   Number         0  tim.o ABSOLUTE
    ../Core/Src/usart.c                      0x00000000   Number         0  usart.o ABSOLUTE
    ../Drivers/STM32F3xx_HAL_Driver/Src/stm32f3xx_hal.c 0x00000000   Number         0  stm32f3xx_hal.o ABSOLUTE
    ../Drivers/STM32F3xx_HAL_Driver/Src/stm32f3xx_hal_can.c 0x00000000   Number         0  stm32f3xx_hal_can.o ABSOLUTE
    ../Drivers/STM32F3xx_HAL_Driver/Src/stm32f3xx_hal_cortex.c 0x00000000   Number         0  stm32f3xx_hal_cortex.o ABSOLUTE
    ../Drivers/STM32F3xx_HAL_Driver/Src/stm32f3xx_hal_dma.c 0x00000000   Number         0  stm32f3xx_hal_dma.o ABSOLUTE
    ../Drivers/STM32F3xx_HAL_Driver/Src/stm32f3xx_hal_exti.c 0x00000000   Number         0  stm32f3xx_hal_exti.o ABSOLUTE
    ../Drivers/STM32F3xx_HAL_Driver/Src/stm32f3xx_hal_flash.c 0x00000000   Number         0  stm32f3xx_hal_flash.o ABSOLUTE
    ../Drivers/STM32F3xx_HAL_Driver/Src/stm32f3xx_hal_flash_ex.c 0x00000000   Number         0  stm32f3xx_hal_flash_ex.o ABSOLUTE
    ../Drivers/STM32F3xx_HAL_Driver/Src/stm32f3xx_hal_gpio.c 0x00000000   Number         0  stm32f3xx_hal_gpio.o ABSOLUTE
    ../Drivers/STM32F3xx_HAL_Driver/Src/stm32f3xx_hal_i2c.c 0x00000000   Number         0  stm32f3xx_hal_i2c.o ABSOLUTE
    ../Drivers/STM32F3xx_HAL_Driver/Src/stm32f3xx_hal_i2c_ex.c 0x00000000   Number         0  stm32f3xx_hal_i2c_ex.o ABSOLUTE
    ../Drivers/STM32F3xx_HAL_Driver/Src/stm32f3xx_hal_pwr.c 0x00000000   Number         0  stm32f3xx_hal_pwr.o ABSOLUTE
    ../Drivers/STM32F3xx_HAL_Driver/Src/stm32f3xx_hal_pwr_ex.c 0x00000000   Number         0  stm32f3xx_hal_pwr_ex.o ABSOLUTE
    ../Drivers/STM32F3xx_HAL_Driver/Src/stm32f3xx_hal_rcc.c 0x00000000   Number         0  stm32f3xx_hal_rcc.o ABSOLUTE
    ../Drivers/STM32F3xx_HAL_Driver/Src/stm32f3xx_hal_rcc_ex.c 0x00000000   Number         0  stm32f3xx_hal_rcc_ex.o ABSOLUTE
    ../Drivers/STM32F3xx_HAL_Driver/Src/stm32f3xx_hal_spi.c 0x00000000   Number         0  stm32f3xx_hal_spi.o ABSOLUTE
    ../Drivers/STM32F3xx_HAL_Driver/Src/stm32f3xx_hal_spi_ex.c 0x00000000   Number         0  stm32f3xx_hal_spi_ex.o ABSOLUTE
    ../Drivers/STM32F3xx_HAL_Driver/Src/stm32f3xx_hal_tim.c 0x00000000   Number         0  stm32f3xx_hal_tim.o ABSOLUTE
    ../Drivers/STM32F3xx_HAL_Driver/Src/stm32f3xx_hal_tim_ex.c 0x00000000   Number         0  stm32f3xx_hal_tim_ex.o ABSOLUTE
    ../Drivers/STM32F3xx_HAL_Driver/Src/stm32f3xx_hal_uart.c 0x00000000   Number         0  stm32f3xx_hal_uart.o ABSOLUTE
    ../Drivers/STM32F3xx_HAL_Driver/Src/stm32f3xx_hal_uart_ex.c 0x00000000   Number         0  stm32f3xx_hal_uart_ex.o ABSOLUTE
    ../Drivers/STM32F3xx_HAL_Driver/Src/stm32f3xx_ll_dma.c 0x00000000   Number         0  stm32f3xx_ll_dma.o ABSOLUTE
    ../Drivers/STM32F3xx_HAL_Driver/Src/stm32f3xx_ll_exti.c 0x00000000   Number         0  stm32f3xx_ll_exti.o ABSOLUTE
    ../Drivers/STM32F3xx_HAL_Driver/Src/stm32f3xx_ll_gpio.c 0x00000000   Number         0  stm32f3xx_ll_gpio.o ABSOLUTE
    ../Drivers/STM32F3xx_HAL_Driver/Src/stm32f3xx_ll_rcc.c 0x00000000   Number         0  stm32f3xx_ll_rcc.o ABSOLUTE
    ../Drivers/STM32F3xx_HAL_Driver/Src/stm32f3xx_ll_tim.c 0x00000000   Number         0  stm32f3xx_ll_tim.o ABSOLUTE
    ../Drivers/STM32F3xx_HAL_Driver/Src/stm32f3xx_ll_utils.c 0x00000000   Number         0  stm32f3xx_ll_utils.o ABSOLUTE
    ../clib/microlib/division.c              0x00000000   Number         0  uldiv.o ABSOLUTE
    ../clib/microlib/division.c              0x00000000   Number         0  ldiv.o ABSOLUTE
    ../clib/microlib/division.c              0x00000000   Number         0  uidiv.o ABSOLUTE
    ../clib/microlib/init/entry.s            0x00000000   Number         0  entry9a.o ABSOLUTE
    ../clib/microlib/init/entry.s            0x00000000   Number         0  entry8b.o ABSOLUTE
    ../clib/microlib/init/entry.s            0x00000000   Number         0  entry9b.o ABSOLUTE
    ../clib/microlib/init/entry.s            0x00000000   Number         0  entry10b.o ABSOLUTE
    ../clib/microlib/init/entry.s            0x00000000   Number         0  entry2.o ABSOLUTE
    ../clib/microlib/init/entry.s            0x00000000   Number         0  entry8a.o ABSOLUTE
    ../clib/microlib/init/entry.s            0x00000000   Number         0  entry7b.o ABSOLUTE
    ../clib/microlib/init/entry.s            0x00000000   Number         0  entry7a.o ABSOLUTE
    ../clib/microlib/init/entry.s            0x00000000   Number         0  entry11b.o ABSOLUTE
    ../clib/microlib/init/entry.s            0x00000000   Number         0  entry5.o ABSOLUTE
    ../clib/microlib/init/entry.s            0x00000000   Number         0  entry.o ABSOLUTE
    ../clib/microlib/init/entry.s            0x00000000   Number         0  entry10a.o ABSOLUTE
    ../clib/microlib/init/entry.s            0x00000000   Number         0  entry11a.o ABSOLUTE
    ../clib/microlib/longlong.c              0x00000000   Number         0  llushr.o ABSOLUTE
    ../clib/microlib/longlong.c              0x00000000   Number         0  llsshr.o ABSOLUTE
    ../clib/microlib/longlong.c              0x00000000   Number         0  llshl.o ABSOLUTE
    ../clib/microlib/printf/printf.c         0x00000000   Number         0  printf5.o ABSOLUTE
    ../clib/microlib/printf/printf.c         0x00000000   Number         0  printf6.o ABSOLUTE
    ../clib/microlib/printf/printf.c         0x00000000   Number         0  printf8.o ABSOLUTE
    ../clib/microlib/printf/printf.c         0x00000000   Number         0  printfa.o ABSOLUTE
    ../clib/microlib/printf/printf.c         0x00000000   Number         0  printf7.o ABSOLUTE
    ../clib/microlib/printf/printf.c         0x00000000   Number         0  printf3.o ABSOLUTE
    ../clib/microlib/printf/printf.c         0x00000000   Number         0  printf4.o ABSOLUTE
    ../clib/microlib/printf/printf.c         0x00000000   Number         0  printfb.o ABSOLUTE
    ../clib/microlib/printf/printf.c         0x00000000   Number         0  printf2.o ABSOLUTE
    ../clib/microlib/printf/printf.c         0x00000000   Number         0  printf1.o ABSOLUTE
    ../clib/microlib/printf/printf.c         0x00000000   Number         0  printf0.o ABSOLUTE
    ../clib/microlib/printf/stubs.s          0x00000000   Number         0  stubs.o ABSOLUTE
    ../clib/microlib/stdio/streams.c         0x00000000   Number         0  stdout.o ABSOLUTE
    ../clib/microlib/string/memcpy.c         0x00000000   Number         0  memcpyb.o ABSOLUTE
    ../clib/microlib/string/memcpy.c         0x00000000   Number         0  memcpya.o ABSOLUTE
    ../clib/microlib/string/memset.c         0x00000000   Number         0  memseta.o ABSOLUTE
    ../clib/microlib/stubs.s                 0x00000000   Number         0  iusefp.o ABSOLUTE
    ../fplib/microlib/fpadd.c                0x00000000   Number         0  dadd.o ABSOLUTE
    ../fplib/microlib/fpdiv.c                0x00000000   Number         0  ddiv.o ABSOLUTE
    ../fplib/microlib/fpepilogue.c           0x00000000   Number         0  depilogue.o ABSOLUTE
    ../fplib/microlib/fpfix.c                0x00000000   Number         0  dfixul.o ABSOLUTE
    ../fplib/microlib/fpmul.c                0x00000000   Number         0  dmul.o ABSOLUTE
    ..\Core\Src\can.c                        0x00000000   Number         0  can.o ABSOLUTE
    ..\Core\Src\dma.c                        0x00000000   Number         0  dma.o ABSOLUTE
    ..\Core\Src\gpio.c                       0x00000000   Number         0  gpio.o ABSOLUTE
    ..\Core\Src\i2c.c                        0x00000000   Number         0  i2c.o ABSOLUTE
    ..\Core\Src\main.c                       0x00000000   Number         0  main.o ABSOLUTE
    ..\Core\Src\spi.c                        0x00000000   Number         0  spi.o ABSOLUTE
    ..\Core\Src\stm32f3xx_hal_msp.c          0x00000000   Number         0  stm32f3xx_hal_msp.o ABSOLUTE
    ..\Core\Src\stm32f3xx_it.c               0x00000000   Number         0  stm32f3xx_it.o ABSOLUTE
    ..\Core\Src\system_stm32f3xx.c           0x00000000   Number         0  system_stm32f3xx.o ABSOLUTE
    ..\Core\Src\tim.c                        0x00000000   Number         0  tim.o ABSOLUTE
    ..\Core\Src\usart.c                      0x00000000   Number         0  usart.o ABSOLUTE
    ..\Drivers\STM32F3xx_HAL_Driver\Src\stm32f3xx_hal.c 0x00000000   Number         0  stm32f3xx_hal.o ABSOLUTE
    ..\Drivers\STM32F3xx_HAL_Driver\Src\stm32f3xx_hal_can.c 0x00000000   Number         0  stm32f3xx_hal_can.o ABSOLUTE
    ..\Drivers\STM32F3xx_HAL_Driver\Src\stm32f3xx_hal_cortex.c 0x00000000   Number         0  stm32f3xx_hal_cortex.o ABSOLUTE
    ..\Drivers\STM32F3xx_HAL_Driver\Src\stm32f3xx_hal_dma.c 0x00000000   Number         0  stm32f3xx_hal_dma.o ABSOLUTE
    ..\Drivers\STM32F3xx_HAL_Driver\Src\stm32f3xx_hal_exti.c 0x00000000   Number         0  stm32f3xx_hal_exti.o ABSOLUTE
    ..\Drivers\STM32F3xx_HAL_Driver\Src\stm32f3xx_hal_flash.c 0x00000000   Number         0  stm32f3xx_hal_flash.o ABSOLUTE
    ..\Drivers\STM32F3xx_HAL_Driver\Src\stm32f3xx_hal_flash_ex.c 0x00000000   Number         0  stm32f3xx_hal_flash_ex.o ABSOLUTE
    ..\Drivers\STM32F3xx_HAL_Driver\Src\stm32f3xx_hal_gpio.c 0x00000000   Number         0  stm32f3xx_hal_gpio.o ABSOLUTE
    ..\Drivers\STM32F3xx_HAL_Driver\Src\stm32f3xx_hal_i2c.c 0x00000000   Number         0  stm32f3xx_hal_i2c.o ABSOLUTE
    ..\Drivers\STM32F3xx_HAL_Driver\Src\stm32f3xx_hal_i2c_ex.c 0x00000000   Number         0  stm32f3xx_hal_i2c_ex.o ABSOLUTE
    ..\Drivers\STM32F3xx_HAL_Driver\Src\stm32f3xx_hal_pwr.c 0x00000000   Number         0  stm32f3xx_hal_pwr.o ABSOLUTE
    ..\Drivers\STM32F3xx_HAL_Driver\Src\stm32f3xx_hal_pwr_ex.c 0x00000000   Number         0  stm32f3xx_hal_pwr_ex.o ABSOLUTE
    ..\Drivers\STM32F3xx_HAL_Driver\Src\stm32f3xx_hal_rcc.c 0x00000000   Number         0  stm32f3xx_hal_rcc.o ABSOLUTE
    ..\Drivers\STM32F3xx_HAL_Driver\Src\stm32f3xx_hal_rcc_ex.c 0x00000000   Number         0  stm32f3xx_hal_rcc_ex.o ABSOLUTE
    ..\Drivers\STM32F3xx_HAL_Driver\Src\stm32f3xx_hal_spi.c 0x00000000   Number         0  stm32f3xx_hal_spi.o ABSOLUTE
    ..\Drivers\STM32F3xx_HAL_Driver\Src\stm32f3xx_hal_spi_ex.c 0x00000000   Number         0  stm32f3xx_hal_spi_ex.o ABSOLUTE
    ..\Drivers\STM32F3xx_HAL_Driver\Src\stm32f3xx_hal_tim.c 0x00000000   Number         0  stm32f3xx_hal_tim.o ABSOLUTE
    ..\Drivers\STM32F3xx_HAL_Driver\Src\stm32f3xx_hal_tim_ex.c 0x00000000   Number         0  stm32f3xx_hal_tim_ex.o ABSOLUTE
    ..\Drivers\STM32F3xx_HAL_Driver\Src\stm32f3xx_hal_uart.c 0x00000000   Number         0  stm32f3xx_hal_uart.o ABSOLUTE
    ..\Drivers\STM32F3xx_HAL_Driver\Src\stm32f3xx_hal_uart_ex.c 0x00000000   Number         0  stm32f3xx_hal_uart_ex.o ABSOLUTE
    ..\Drivers\STM32F3xx_HAL_Driver\Src\stm32f3xx_ll_dma.c 0x00000000   Number         0  stm32f3xx_ll_dma.o ABSOLUTE
    ..\Drivers\STM32F3xx_HAL_Driver\Src\stm32f3xx_ll_exti.c 0x00000000   Number         0  stm32f3xx_ll_exti.o ABSOLUTE
    ..\Drivers\STM32F3xx_HAL_Driver\Src\stm32f3xx_ll_gpio.c 0x00000000   Number         0  stm32f3xx_ll_gpio.o ABSOLUTE
    ..\Drivers\STM32F3xx_HAL_Driver\Src\stm32f3xx_ll_rcc.c 0x00000000   Number         0  stm32f3xx_ll_rcc.o ABSOLUTE
    ..\Drivers\STM32F3xx_HAL_Driver\Src\stm32f3xx_ll_tim.c 0x00000000   Number         0  stm32f3xx_ll_tim.o ABSOLUTE
    ..\Drivers\STM32F3xx_HAL_Driver\Src\stm32f3xx_ll_utils.c 0x00000000   Number         0  stm32f3xx_ll_utils.o ABSOLUTE
    ..\Users\ads8864.c                       0x00000000   Number         0  ads8864.o ABSOLUTE
    ..\Users\can_bsp.c                       0x00000000   Number         0  can_bsp.o ABSOLUTE
    ..\Users\oled.c                          0x00000000   Number         0  oled.o ABSOLUTE
    ..\\Users\\ads8864.c                     0x00000000   Number         0  ads8864.o ABSOLUTE
    ..\\Users\\can_bsp.c                     0x00000000   Number         0  can_bsp.o ABSOLUTE
    ..\\Users\\oled.c                        0x00000000   Number         0  oled.o ABSOLUTE
    arm_mean_q31.c                           0x00000000   Number         0  arm_mean_q31.o ABSOLUTE
    cdrcmple.s                               0x00000000   Number         0  cdrcmple.o ABSOLUTE
    dc.s                                     0x00000000   Number         0  dc.o ABSOLUTE
    handlers.s                               0x00000000   Number         0  handlers.o ABSOLUTE
    init.s                                   0x00000000   Number         0  init.o ABSOLUTE
    startup_stm32f302x8.s                    0x00000000   Number         0  startup_stm32f302x8.o ABSOLUTE
    RESET                                    0x08000000   Section      392  startup_stm32f302x8.o(RESET)
    .ARM.Collect$$$$00000000                 0x08000188   Section        0  entry.o(.ARM.Collect$$$$00000000)
    .ARM.Collect$$$$00000001                 0x08000188   Section        4  entry2.o(.ARM.Collect$$$$00000001)
    .ARM.Collect$$$$00000004                 0x0800018c   Section        4  entry5.o(.ARM.Collect$$$$00000004)
    .ARM.Collect$$$$00000008                 0x08000190   Section        0  entry7b.o(.ARM.Collect$$$$00000008)
    .ARM.Collect$$$$0000000A                 0x08000190   Section        0  entry8b.o(.ARM.Collect$$$$0000000A)
    .ARM.Collect$$$$0000000B                 0x08000190   Section        8  entry9a.o(.ARM.Collect$$$$0000000B)
    .ARM.Collect$$$$0000000D                 0x08000198   Section        0  entry10a.o(.ARM.Collect$$$$0000000D)
    .ARM.Collect$$$$0000000F                 0x08000198   Section        0  entry11a.o(.ARM.Collect$$$$0000000F)
    .ARM.Collect$$$$00002712                 0x08000198   Section        4  entry2.o(.ARM.Collect$$$$00002712)
    __lit__00000000                          0x08000198   Data           4  entry2.o(.ARM.Collect$$$$00002712)
    .text                                    0x0800019c   Section       36  startup_stm32f302x8.o(.text)
    $v0                                      0x0800019c   Number         0  startup_stm32f302x8.o(.text)
    .text                                    0x080001c0   Section        0  uldiv.o(.text)
    .text                                    0x08000222   Section        0  ldiv.o(.text)
    .text                                    0x08000284   Section        0  llushr.o(.text)
    .text                                    0x080002a4   Section        0  memseta.o(.text)
    .text                                    0x080002c8   Section        0  uidiv.o(.text)
    .text                                    0x080002f4   Section        0  llshl.o(.text)
    .text                                    0x08000314   Section       36  init.o(.text)
    [Anonymous Symbol]                       0x08000338   Section        0  arm_mean_q31.o(.text.arm_mean_q31)
    i.ADS8864_ReadValue                      0x080003b8   Section        0  ads8864.o(i.ADS8864_ReadValue)
    i.BusFault_Handler                       0x08000484   Section        0  stm32f3xx_it.o(i.BusFault_Handler)
    i.CAN_Init                               0x08000488   Section        0  can_bsp.o(i.CAN_Init)
    i.CAN_SendData                           0x080004d0   Section        0  can_bsp.o(i.CAN_SendData)
    i.Convst_Reset                           0x08000528   Section        0  ads8864.o(i.Convst_Reset)
    Convst_Reset                             0x08000529   Thumb Code     8  ads8864.o(i.Convst_Reset)
    i.Convst_Set                             0x08000534   Section        0  ads8864.o(i.Convst_Set)
    Convst_Set                               0x08000535   Thumb Code     6  ads8864.o(i.Convst_Set)
    i.DIN_Set                                0x08000540   Section        0  ads8864.o(i.DIN_Set)
    DIN_Set                                  0x08000541   Thumb Code    12  ads8864.o(i.DIN_Set)
    i.DMA1_Channel1_IRQHandler               0x08000550   Section        0  stm32f3xx_it.o(i.DMA1_Channel1_IRQHandler)
    i.DMA_CalcBaseAndBitshift                0x08000560   Section        0  stm32f3xx_hal_dma.o(i.DMA_CalcBaseAndBitshift)
    DMA_CalcBaseAndBitshift                  0x08000561   Thumb Code    24  stm32f3xx_hal_dma.o(i.DMA_CalcBaseAndBitshift)
    i.DebugMon_Handler                       0x0800057c   Section        0  stm32f3xx_it.o(i.DebugMon_Handler)
    i.EXTI2_TSC_IRQHandler                   0x0800057e   Section        0  stm32f3xx_it.o(i.EXTI2_TSC_IRQHandler)
    i.Error_Handler                          0x08000586   Section        0  main.o(i.Error_Handler)
    i.HAL_CAN_AddTxMessage                   0x0800058c   Section        0  stm32f3xx_hal_can.o(i.HAL_CAN_AddTxMessage)
    i.HAL_CAN_ConfigFilter                   0x080006e2   Section        0  stm32f3xx_hal_can.o(i.HAL_CAN_ConfigFilter)
    i.HAL_CAN_GetTxMailboxesFreeLevel        0x080007ec   Section        0  stm32f3xx_hal_can.o(i.HAL_CAN_GetTxMailboxesFreeLevel)
    i.HAL_CAN_Init                           0x08000822   Section        0  stm32f3xx_hal_can.o(i.HAL_CAN_Init)
    i.HAL_CAN_MspInit                        0x08000998   Section        0  can.o(i.HAL_CAN_MspInit)
    i.HAL_CAN_Start                          0x08000a10   Section        0  stm32f3xx_hal_can.o(i.HAL_CAN_Start)
    i.HAL_DMA_Abort                          0x08000a6e   Section        0  stm32f3xx_hal_dma.o(i.HAL_DMA_Abort)
    i.HAL_DMA_Abort_IT                       0x08000ac2   Section        0  stm32f3xx_hal_dma.o(i.HAL_DMA_Abort_IT)
    i.HAL_DMA_IRQHandler                     0x08000b1a   Section        0  stm32f3xx_hal_dma.o(i.HAL_DMA_IRQHandler)
    i.HAL_DMA_Init                           0x08000c00   Section        0  stm32f3xx_hal_dma.o(i.HAL_DMA_Init)
    i.HAL_Delay                              0x08000c58   Section        0  stm32f3xx_hal.o(i.HAL_Delay)
    i.HAL_GPIO_Init                          0x08000c80   Section        0  stm32f3xx_hal_gpio.o(i.HAL_GPIO_Init)
    i.HAL_GetTick                            0x08000e30   Section        0  stm32f3xx_hal.o(i.HAL_GetTick)
    i.HAL_I2CEx_ConfigAnalogFilter           0x08000e3c   Section        0  stm32f3xx_hal_i2c_ex.o(i.HAL_I2CEx_ConfigAnalogFilter)
    i.HAL_I2CEx_ConfigDigitalFilter          0x08000ea6   Section        0  stm32f3xx_hal_i2c_ex.o(i.HAL_I2CEx_ConfigDigitalFilter)
    i.HAL_I2C_Init                           0x08000f10   Section        0  stm32f3xx_hal_i2c.o(i.HAL_I2C_Init)
    i.HAL_I2C_MspInit                        0x08000fd4   Section        0  i2c.o(i.HAL_I2C_MspInit)
    i.HAL_IncTick                            0x08001050   Section        0  stm32f3xx_hal.o(i.HAL_IncTick)
    i.HAL_Init                               0x08001068   Section        0  stm32f3xx_hal.o(i.HAL_Init)
    i.HAL_InitTick                           0x08001090   Section        0  stm32f3xx_hal.o(i.HAL_InitTick)
    i.HAL_MspInit                            0x080010dc   Section        0  stm32f3xx_hal_msp.o(i.HAL_MspInit)
    i.HAL_NVIC_EnableIRQ                     0x0800111c   Section        0  stm32f3xx_hal_cortex.o(i.HAL_NVIC_EnableIRQ)
    i.HAL_NVIC_SetPriority                   0x0800113c   Section        0  stm32f3xx_hal_cortex.o(i.HAL_NVIC_SetPriority)
    i.HAL_NVIC_SetPriorityGrouping           0x080011b8   Section        0  stm32f3xx_hal_cortex.o(i.HAL_NVIC_SetPriorityGrouping)
    i.HAL_RCC_GetHCLKFreq                    0x080011e0   Section        0  stm32f3xx_hal_rcc.o(i.HAL_RCC_GetHCLKFreq)
    i.HAL_RCC_GetPCLK1Freq                   0x080011ec   Section        0  stm32f3xx_hal_rcc.o(i.HAL_RCC_GetPCLK1Freq)
    i.HAL_RCC_GetPCLK2Freq                   0x08001218   Section        0  stm32f3xx_hal_rcc.o(i.HAL_RCC_GetPCLK2Freq)
    i.HAL_RCC_GetSysClockFreq                0x08001244   Section        0  stm32f3xx_hal_rcc.o(i.HAL_RCC_GetSysClockFreq)
    i.HAL_SPI_Init                           0x080012e4   Section        0  stm32f3xx_hal_spi.o(i.HAL_SPI_Init)
    i.HAL_SPI_MspInit                        0x080013e0   Section        0  spi.o(i.HAL_SPI_MspInit)
    i.HAL_SPI_Receive                        0x0800145c   Section        0  stm32f3xx_hal_spi.o(i.HAL_SPI_Receive)
    i.HAL_SPI_TransmitReceive                0x08001602   Section        0  stm32f3xx_hal_spi.o(i.HAL_SPI_TransmitReceive)
    i.HAL_SYSTICK_Config                     0x080018be   Section        0  stm32f3xx_hal_cortex.o(i.HAL_SYSTICK_Config)
    i.HAL_TIMEx_MasterConfigSynchronization  0x080018f4   Section        0  stm32f3xx_hal_tim_ex.o(i.HAL_TIMEx_MasterConfigSynchronization)
    i.HAL_TIM_MspPostInit                    0x0800197c   Section        0  tim.o(i.HAL_TIM_MspPostInit)
    i.HAL_TIM_PWM_ConfigChannel              0x080019d4   Section        0  stm32f3xx_hal_tim.o(i.HAL_TIM_PWM_ConfigChannel)
    i.HAL_TIM_PWM_Init                       0x08001b44   Section        0  stm32f3xx_hal_tim.o(i.HAL_TIM_PWM_Init)
    i.HAL_TIM_PWM_MspInit                    0x08001bb4   Section        0  tim.o(i.HAL_TIM_PWM_MspInit)
    i.HAL_UARTEx_RxEventCallback             0x08001c28   Section        0  stm32f3xx_hal_uart.o(i.HAL_UARTEx_RxEventCallback)
    i.HAL_UARTEx_WakeupCallback              0x08001c2a   Section        0  stm32f3xx_hal_uart_ex.o(i.HAL_UARTEx_WakeupCallback)
    i.HAL_UART_ErrorCallback                 0x08001c2c   Section        0  stm32f3xx_hal_uart.o(i.HAL_UART_ErrorCallback)
    i.HAL_UART_IRQHandler                    0x08001c30   Section        0  stm32f3xx_hal_uart.o(i.HAL_UART_IRQHandler)
    i.HAL_UART_Init                          0x08001f74   Section        0  stm32f3xx_hal_uart.o(i.HAL_UART_Init)
    i.HAL_UART_MspInit                       0x08001fe8   Section        0  usart.o(i.HAL_UART_MspInit)
    i.HAL_UART_Transmit                      0x080020d8   Section        0  stm32f3xx_hal_uart.o(i.HAL_UART_Transmit)
    i.HAL_UART_TxCpltCallback                0x080021aa   Section        0  stm32f3xx_hal_uart.o(i.HAL_UART_TxCpltCallback)
    i.HardFault_Handler                      0x080021ac   Section        0  stm32f3xx_it.o(i.HardFault_Handler)
    i.LL_AHB1_GRP1_EnableClock               0x080021b0   Section        0  gpio.o(i.LL_AHB1_GRP1_EnableClock)
    LL_AHB1_GRP1_EnableClock                 0x080021b1   Thumb Code    24  gpio.o(i.LL_AHB1_GRP1_EnableClock)
    i.LL_EXTI_DisableEvent_0_31              0x080021cc   Section        0  stm32f3xx_ll_exti.o(i.LL_EXTI_DisableEvent_0_31)
    LL_EXTI_DisableEvent_0_31                0x080021cd   Thumb Code    12  stm32f3xx_ll_exti.o(i.LL_EXTI_DisableEvent_0_31)
    i.LL_EXTI_DisableEvent_32_63             0x080021dc   Section        0  stm32f3xx_ll_exti.o(i.LL_EXTI_DisableEvent_32_63)
    LL_EXTI_DisableEvent_32_63               0x080021dd   Thumb Code    12  stm32f3xx_ll_exti.o(i.LL_EXTI_DisableEvent_32_63)
    i.LL_EXTI_DisableIT_0_31                 0x080021ec   Section        0  stm32f3xx_ll_exti.o(i.LL_EXTI_DisableIT_0_31)
    LL_EXTI_DisableIT_0_31                   0x080021ed   Thumb Code    12  stm32f3xx_ll_exti.o(i.LL_EXTI_DisableIT_0_31)
    i.LL_EXTI_DisableIT_32_63                0x080021fc   Section        0  stm32f3xx_ll_exti.o(i.LL_EXTI_DisableIT_32_63)
    LL_EXTI_DisableIT_32_63                  0x080021fd   Thumb Code    12  stm32f3xx_ll_exti.o(i.LL_EXTI_DisableIT_32_63)
    i.LL_EXTI_EnableEvent_0_31               0x0800220c   Section        0  stm32f3xx_ll_exti.o(i.LL_EXTI_EnableEvent_0_31)
    LL_EXTI_EnableEvent_0_31                 0x0800220d   Thumb Code    12  stm32f3xx_ll_exti.o(i.LL_EXTI_EnableEvent_0_31)
    i.LL_EXTI_EnableEvent_32_63              0x0800221c   Section        0  stm32f3xx_ll_exti.o(i.LL_EXTI_EnableEvent_32_63)
    LL_EXTI_EnableEvent_32_63                0x0800221d   Thumb Code    12  stm32f3xx_ll_exti.o(i.LL_EXTI_EnableEvent_32_63)
    i.LL_EXTI_EnableFallingTrig_0_31         0x0800222c   Section        0  stm32f3xx_ll_exti.o(i.LL_EXTI_EnableFallingTrig_0_31)
    LL_EXTI_EnableFallingTrig_0_31           0x0800222d   Thumb Code    12  stm32f3xx_ll_exti.o(i.LL_EXTI_EnableFallingTrig_0_31)
    i.LL_EXTI_EnableFallingTrig_32_63        0x0800223c   Section        0  stm32f3xx_ll_exti.o(i.LL_EXTI_EnableFallingTrig_32_63)
    LL_EXTI_EnableFallingTrig_32_63          0x0800223d   Thumb Code    12  stm32f3xx_ll_exti.o(i.LL_EXTI_EnableFallingTrig_32_63)
    i.LL_EXTI_EnableIT_0_31                  0x0800224c   Section        0  stm32f3xx_ll_exti.o(i.LL_EXTI_EnableIT_0_31)
    LL_EXTI_EnableIT_0_31                    0x0800224d   Thumb Code    12  stm32f3xx_ll_exti.o(i.LL_EXTI_EnableIT_0_31)
    i.LL_EXTI_EnableIT_32_63                 0x0800225c   Section        0  stm32f3xx_ll_exti.o(i.LL_EXTI_EnableIT_32_63)
    LL_EXTI_EnableIT_32_63                   0x0800225d   Thumb Code    12  stm32f3xx_ll_exti.o(i.LL_EXTI_EnableIT_32_63)
    i.LL_EXTI_EnableRisingTrig_0_31          0x0800226c   Section        0  stm32f3xx_ll_exti.o(i.LL_EXTI_EnableRisingTrig_0_31)
    LL_EXTI_EnableRisingTrig_0_31            0x0800226d   Thumb Code    12  stm32f3xx_ll_exti.o(i.LL_EXTI_EnableRisingTrig_0_31)
    i.LL_EXTI_EnableRisingTrig_32_63         0x0800227c   Section        0  stm32f3xx_ll_exti.o(i.LL_EXTI_EnableRisingTrig_32_63)
    LL_EXTI_EnableRisingTrig_32_63           0x0800227d   Thumb Code    12  stm32f3xx_ll_exti.o(i.LL_EXTI_EnableRisingTrig_32_63)
    i.LL_EXTI_Init                           0x0800228c   Section        0  stm32f3xx_ll_exti.o(i.LL_EXTI_Init)
    i.LL_GPIO_Init                           0x080023f8   Section        0  stm32f3xx_ll_gpio.o(i.LL_GPIO_Init)
    i.LL_GPIO_ResetOutputPin                 0x0800252e   Section        0  gpio.o(i.LL_GPIO_ResetOutputPin)
    LL_GPIO_ResetOutputPin                   0x0800252f   Thumb Code     4  gpio.o(i.LL_GPIO_ResetOutputPin)
    i.LL_GPIO_SetPinMode                     0x08002532   Section        0  gpio.o(i.LL_GPIO_SetPinMode)
    LL_GPIO_SetPinMode                       0x08002533   Thumb Code    40  gpio.o(i.LL_GPIO_SetPinMode)
    i.LL_GPIO_SetPinPull                     0x0800255a   Section        0  gpio.o(i.LL_GPIO_SetPinPull)
    LL_GPIO_SetPinPull                       0x0800255b   Thumb Code    40  gpio.o(i.LL_GPIO_SetPinPull)
    i.LL_SYSCFG_SetEXTISource                0x08002584   Section        0  gpio.o(i.LL_SYSCFG_SetEXTISource)
    LL_SYSCFG_SetEXTISource                  0x08002585   Thumb Code    40  gpio.o(i.LL_SYSCFG_SetEXTISource)
    i.LL_SetSystemCoreClock                  0x080025b0   Section        0  stm32f3xx_ll_utils.o(i.LL_SetSystemCoreClock)
    i.LL_TIM_BDTR_Init                       0x080025bc   Section        0  stm32f3xx_ll_tim.o(i.LL_TIM_BDTR_Init)
    i.LL_TIM_Init                            0x08002648   Section        0  stm32f3xx_ll_tim.o(i.LL_TIM_Init)
    i.LL_TIM_OC_DisableFast                  0x080026dc   Section        0  tim.o(i.LL_TIM_OC_DisableFast)
    LL_TIM_OC_DisableFast                    0x080026dd   Thumb Code   106  tim.o(i.LL_TIM_OC_DisableFast)
    i.LL_TIM_OC_EnablePreload                0x08002750   Section        0  tim.o(i.LL_TIM_OC_EnablePreload)
    LL_TIM_OC_EnablePreload                  0x08002751   Thumb Code   106  tim.o(i.LL_TIM_OC_EnablePreload)
    i.LL_TIM_OC_Init                         0x080027c4   Section        0  stm32f3xx_ll_tim.o(i.LL_TIM_OC_Init)
    i.LL_TIM_OC_SetCompareCH2                0x08002848   Section        0  stm32f3xx_ll_tim.o(i.LL_TIM_OC_SetCompareCH2)
    LL_TIM_OC_SetCompareCH2                  0x08002849   Thumb Code     4  stm32f3xx_ll_tim.o(i.LL_TIM_OC_SetCompareCH2)
    i.LL_mDelay                              0x0800284c   Section        0  stm32f3xx_ll_utils.o(i.LL_mDelay)
    i.MX_CAN_Init                            0x08002874   Section        0  can.o(i.MX_CAN_Init)
    i.MX_DMA_Init                            0x080028b4   Section        0  dma.o(i.MX_DMA_Init)
    i.MX_GPIO_Init                           0x080028e4   Section        0  gpio.o(i.MX_GPIO_Init)
    i.MX_I2C1_Init                           0x08002a9c   Section        0  i2c.o(i.MX_I2C1_Init)
    i.MX_SPI2_Init                           0x08002b04   Section        0  spi.o(i.MX_SPI2_Init)
    i.MX_TIM15_Init                          0x08002b58   Section        0  tim.o(i.MX_TIM15_Init)
    i.MX_TIM2_Init                           0x08002cc0   Section        0  tim.o(i.MX_TIM2_Init)
    i.MX_USART1_UART_Init                    0x08002d38   Section        0  usart.o(i.MX_USART1_UART_Init)
    i.MX_USART3_UART_Init                    0x08002d78   Section        0  usart.o(i.MX_USART3_UART_Init)
    i.Mean_filter                            0x08002db8   Section        0  ads8864.o(i.Mean_filter)
    i.MemManage_Handler                      0x08002dd0   Section        0  stm32f3xx_it.o(i.MemManage_Handler)
    i.NMI_Handler                            0x08002dd4   Section        0  stm32f3xx_it.o(i.NMI_Handler)
    i.OC1Config                              0x08002dd8   Section        0  stm32f3xx_ll_tim.o(i.OC1Config)
    OC1Config                                0x08002dd9   Thumb Code   134  stm32f3xx_ll_tim.o(i.OC1Config)
    i.OC2Config                              0x08002e74   Section        0  stm32f3xx_ll_tim.o(i.OC2Config)
    OC2Config                                0x08002e75   Thumb Code   144  stm32f3xx_ll_tim.o(i.OC2Config)
    i.OC3Config                              0x08002f18   Section        0  stm32f3xx_ll_tim.o(i.OC3Config)
    OC3Config                                0x08002f19   Thumb Code   134  stm32f3xx_ll_tim.o(i.OC3Config)
    i.OC4Config                              0x08002fb4   Section        0  stm32f3xx_ll_tim.o(i.OC4Config)
    OC4Config                                0x08002fb5   Thumb Code   102  stm32f3xx_ll_tim.o(i.OC4Config)
    i.OC5Config                              0x08003030   Section        0  stm32f3xx_ll_tim.o(i.OC5Config)
    OC5Config                                0x08003031   Thumb Code   102  stm32f3xx_ll_tim.o(i.OC5Config)
    i.OC6Config                              0x080030ac   Section        0  stm32f3xx_ll_tim.o(i.OC6Config)
    OC6Config                                0x080030ad   Thumb Code    98  stm32f3xx_ll_tim.o(i.OC6Config)
    i.PendSV_Handler                         0x08003124   Section        0  stm32f3xx_it.o(i.PendSV_Handler)
    i.SPI_EndRxTransaction                   0x08003126   Section        0  stm32f3xx_hal_spi.o(i.SPI_EndRxTransaction)
    SPI_EndRxTransaction                     0x08003127   Thumb Code   130  stm32f3xx_hal_spi.o(i.SPI_EndRxTransaction)
    i.SPI_EndRxTxTransaction                 0x080031a8   Section        0  stm32f3xx_hal_spi.o(i.SPI_EndRxTxTransaction)
    SPI_EndRxTxTransaction                   0x080031a9   Thumb Code   100  stm32f3xx_hal_spi.o(i.SPI_EndRxTxTransaction)
    i.SPI_WaitFifoStateUntilTimeout          0x0800320c   Section        0  stm32f3xx_hal_spi.o(i.SPI_WaitFifoStateUntilTimeout)
    SPI_WaitFifoStateUntilTimeout            0x0800320d   Thumb Code   242  stm32f3xx_hal_spi.o(i.SPI_WaitFifoStateUntilTimeout)
    i.SPI_WaitFlagStateUntilTimeout          0x08003304   Section        0  stm32f3xx_hal_spi.o(i.SPI_WaitFlagStateUntilTimeout)
    SPI_WaitFlagStateUntilTimeout            0x08003305   Thumb Code   210  stm32f3xx_hal_spi.o(i.SPI_WaitFlagStateUntilTimeout)
    i.SVC_Handler                            0x080033dc   Section        0  stm32f3xx_it.o(i.SVC_Handler)
    i.SysTick_Handler                        0x080033de   Section        0  stm32f3xx_it.o(i.SysTick_Handler)
    i.SystemClock_Config                     0x080033e8   Section        0  main.o(i.SystemClock_Config)
    i.SystemInit                             0x0800355c   Section        0  system_stm32f3xx.o(i.SystemInit)
    i.TIM_Base_SetConfig                     0x08003570   Section        0  stm32f3xx_hal_tim.o(i.TIM_Base_SetConfig)
    i.TIM_OC1_SetConfig                      0x080035f4   Section        0  stm32f3xx_hal_tim.o(i.TIM_OC1_SetConfig)
    TIM_OC1_SetConfig                        0x080035f5   Thumb Code   132  stm32f3xx_hal_tim.o(i.TIM_OC1_SetConfig)
    i.TIM_OC2_SetConfig                      0x0800368c   Section        0  stm32f3xx_hal_tim.o(i.TIM_OC2_SetConfig)
    i.TIM_OC3_SetConfig                      0x08003730   Section        0  stm32f3xx_hal_tim.o(i.TIM_OC3_SetConfig)
    TIM_OC3_SetConfig                        0x08003731   Thumb Code   140  stm32f3xx_hal_tim.o(i.TIM_OC3_SetConfig)
    i.TIM_OC4_SetConfig                      0x080037d0   Section        0  stm32f3xx_hal_tim.o(i.TIM_OC4_SetConfig)
    TIM_OC4_SetConfig                        0x080037d1   Thumb Code    86  stm32f3xx_hal_tim.o(i.TIM_OC4_SetConfig)
    i.TIM_OC5_SetConfig                      0x0800383c   Section        0  stm32f3xx_hal_tim.o(i.TIM_OC5_SetConfig)
    TIM_OC5_SetConfig                        0x0800383d   Thumb Code    80  stm32f3xx_hal_tim.o(i.TIM_OC5_SetConfig)
    i.TIM_OC6_SetConfig                      0x080038a0   Section        0  stm32f3xx_hal_tim.o(i.TIM_OC6_SetConfig)
    TIM_OC6_SetConfig                        0x080038a1   Thumb Code    82  stm32f3xx_hal_tim.o(i.TIM_OC6_SetConfig)
    i.UART_AdvFeatureConfig                  0x08003908   Section        0  stm32f3xx_hal_uart.o(i.UART_AdvFeatureConfig)
    i.UART_CheckIdleState                    0x08003a00   Section        0  stm32f3xx_hal_uart.o(i.UART_CheckIdleState)
    i.UART_DMAAbortOnError                   0x08003a72   Section        0  stm32f3xx_hal_uart.o(i.UART_DMAAbortOnError)
    UART_DMAAbortOnError                     0x08003a73   Thumb Code    24  stm32f3xx_hal_uart.o(i.UART_DMAAbortOnError)
    i.UART_EndRxTransfer                     0x08003a8a   Section        0  stm32f3xx_hal_uart.o(i.UART_EndRxTransfer)
    UART_EndRxTransfer                       0x08003a8b   Thumb Code   100  stm32f3xx_hal_uart.o(i.UART_EndRxTransfer)
    i.UART_EndTransmit_IT                    0x08003aee   Section        0  stm32f3xx_hal_uart.o(i.UART_EndTransmit_IT)
    UART_EndTransmit_IT                      0x08003aef   Thumb Code    46  stm32f3xx_hal_uart.o(i.UART_EndTransmit_IT)
    i.UART_SetConfig                         0x08003b1c   Section        0  stm32f3xx_hal_uart.o(i.UART_SetConfig)
    i.UART_WaitOnFlagUntilTimeout            0x08003ccc   Section        0  stm32f3xx_hal_uart.o(i.UART_WaitOnFlagUntilTimeout)
    i.USART3_IRQHandler                      0x08003dc4   Section        0  stm32f3xx_it.o(i.USART3_IRQHandler)
    i.UsageFault_Handler                     0x08003dd4   Section        0  stm32f3xx_it.o(i.UsageFault_Handler)
    i.__0printf$1                            0x08003dd8   Section        0  printf1.o(i.__0printf$1)
    i.__NVIC_GetPriorityGrouping             0x08003df8   Section        0  stm32f3xx_hal_cortex.o(i.__NVIC_GetPriorityGrouping)
    __NVIC_GetPriorityGrouping               0x08003df9   Thumb Code    10  stm32f3xx_hal_cortex.o(i.__NVIC_GetPriorityGrouping)
    i.__NVIC_SetPriority                     0x08003e08   Section        0  stm32f3xx_hal_cortex.o(i.__NVIC_SetPriority)
    __NVIC_SetPriority                       0x08003e09   Thumb Code    32  stm32f3xx_hal_cortex.o(i.__NVIC_SetPriority)
    i.__scatterload_copy                     0x08003e30   Section       14  handlers.o(i.__scatterload_copy)
    i.__scatterload_null                     0x08003e3e   Section        2  handlers.o(i.__scatterload_null)
    i.__scatterload_zeroinit                 0x08003e40   Section       14  handlers.o(i.__scatterload_zeroinit)
    i._printf_core                           0x08003e50   Section        0  printf1.o(i._printf_core)
    _printf_core                             0x08003e51   Thumb Code   336  printf1.o(i._printf_core)
    i.ads8864_Init                           0x08003fa4   Section        0  ads8864.o(i.ads8864_Init)
    i.fputc                                  0x08003fb8   Section        0  usart.o(i.fputc)
    i.main                                   0x08003fd4   Section        0  main.o(i.main)
    .constdata                               0x08004094   Section       52  tim.o(.constdata)
    CHANNEL_OFFSET_TAB                       0x08004094   Data           7  tim.o(.constdata)
    OFFSET_TAB_CCMRx                         0x0800409b   Data           9  tim.o(.constdata)
    SHIFT_TAB_OCxx                           0x080040a4   Data           9  tim.o(.constdata)
    SHIFT_TAB_ICxx                           0x080040ad   Data           9  tim.o(.constdata)
    SHIFT_TAB_CCxP                           0x080040b6   Data           9  tim.o(.constdata)
    SHIFT_TAB_OISx                           0x080040bf   Data           9  tim.o(.constdata)
    .constdata                               0x080040c8   Section       32  stm32f3xx_hal_rcc.o(.constdata)
    .constdata                               0x080040e8   Section       24  system_stm32f3xx.o(.constdata)
    .data                                    0x20000000   Section       11  ads8864.o(.data)
    .data                                    0x2000000c   Section       24  main.o(.data)
    Print_Counter                            0x20000022   Data           2  main.o(.data)
    .data                                    0x20000024   Section        9  stm32f3xx_hal.o(.data)
    .data                                    0x20000030   Section        4  system_stm32f3xx.o(.data)
    .data                                    0x20000034   Section        4  stdout.o(.data)
    .bss                                     0x20000038   Section      128  ads8864.o(.bss)
    .bss                                     0x200000b8   Section       40  can.o(.bss)
    .bss                                     0x200000e0   Section       76  i2c.o(.bss)
    .bss                                     0x2000012c   Section      100  spi.o(.bss)
    .bss                                     0x20000190   Section      144  tim.o(.bss)
    .bss                                     0x20000220   Section      264  usart.o(.bss)
    STACK                                    0x20000328   Section     1024  startup_stm32f302x8.o(STACK)

    Global Symbols

    Symbol Name                              Value     Ov Type        Size  Object(Section)

    BuildAttributes$$THM_ISAv4$E$P$D$K$B$S$7EM$VFPi3$EXTD16$VFPS$VFMA$PE$A:L22UL41UL21$X:L11$S22US41US21$IEEE1$IW$USESV6$~STKCKD$USESV7$~SHL$OSPACE$ROPI$EBA8$MICROLIB$REQ8$PRES8$EABIv2 0x00000000   Number         0  anon$$obj.o ABSOLUTE
    __ARM_use_no_argv                        0x00000000   Number         0  main.o ABSOLUTE
    _printf_a                                0x00000000   Number         0  stubs.o ABSOLUTE
    _printf_c                                0x00000000   Number         0  stubs.o ABSOLUTE
    _printf_charcount                        0x00000000   Number         0  stubs.o ABSOLUTE
    _printf_d                                0x00000000   Number         0  stubs.o ABSOLUTE
    _printf_e                                0x00000000   Number         0  stubs.o ABSOLUTE
    _printf_f                                0x00000000   Number         0  stubs.o ABSOLUTE
    _printf_flags                            0x00000000   Number         0  stubs.o ABSOLUTE
    _printf_fp_dec                           0x00000000   Number         0  stubs.o ABSOLUTE
    _printf_fp_hex                           0x00000000   Number         0  stubs.o ABSOLUTE
    _printf_g                                0x00000000   Number         0  stubs.o ABSOLUTE
    _printf_i                                0x00000000   Number         0  stubs.o ABSOLUTE
    _printf_int_dec                          0x00000000   Number         0  stubs.o ABSOLUTE
    _printf_l                                0x00000000   Number         0  stubs.o ABSOLUTE
    _printf_lc                               0x00000000   Number         0  stubs.o ABSOLUTE
    _printf_ll                               0x00000000   Number         0  stubs.o ABSOLUTE
    _printf_lld                              0x00000000   Number         0  stubs.o ABSOLUTE
    _printf_lli                              0x00000000   Number         0  stubs.o ABSOLUTE
    _printf_llo                              0x00000000   Number         0  stubs.o ABSOLUTE
    _printf_llu                              0x00000000   Number         0  stubs.o ABSOLUTE
    _printf_llx                              0x00000000   Number         0  stubs.o ABSOLUTE
    _printf_longlong_dec                     0x00000000   Number         0  stubs.o ABSOLUTE
    _printf_longlong_hex                     0x00000000   Number         0  stubs.o ABSOLUTE
    _printf_longlong_oct                     0x00000000   Number         0  stubs.o ABSOLUTE
    _printf_ls                               0x00000000   Number         0  stubs.o ABSOLUTE
    _printf_mbtowc                           0x00000000   Number         0  stubs.o ABSOLUTE
    _printf_n                                0x00000000   Number         0  stubs.o ABSOLUTE
    _printf_o                                0x00000000   Number         0  stubs.o ABSOLUTE
    _printf_p                                0x00000000   Number         0  stubs.o ABSOLUTE
    _printf_percent                          0x00000000   Number         0  stubs.o ABSOLUTE
    _printf_pre_padding                      0x00000000   Number         0  stubs.o ABSOLUTE
    _printf_return_value                     0x00000000   Number         0  stubs.o ABSOLUTE
    _printf_s                                0x00000000   Number         0  stubs.o ABSOLUTE
    _printf_sizespec                         0x00000000   Number         0  stubs.o ABSOLUTE
    _printf_str                              0x00000000   Number         0  stubs.o ABSOLUTE
    _printf_truncate_signed                  0x00000000   Number         0  stubs.o ABSOLUTE
    _printf_truncate_unsigned                0x00000000   Number         0  stubs.o ABSOLUTE
    _printf_u                                0x00000000   Number         0  stubs.o ABSOLUTE
    _printf_wc                               0x00000000   Number         0  stubs.o ABSOLUTE
    _printf_wctomb                           0x00000000   Number         0  stubs.o ABSOLUTE
    _printf_widthprec                        0x00000000   Number         0  stubs.o ABSOLUTE
    _printf_x                                0x00000000   Number         0  stubs.o ABSOLUTE
    __cpp_initialize__aeabi_                  - Undefined Weak Reference
    __cxa_finalize                            - Undefined Weak Reference
    __decompress                              - Undefined Weak Reference
    _clock_init                               - Undefined Weak Reference
    _microlib_exit                            - Undefined Weak Reference
    __Vectors_Size                           0x00000188   Number         0  startup_stm32f302x8.o ABSOLUTE
    __Vectors                                0x08000000   Data           4  startup_stm32f302x8.o(RESET)
    __Vectors_End                            0x08000188   Data           0  startup_stm32f302x8.o(RESET)
    __main                                   0x08000189   Thumb Code     0  entry.o(.ARM.Collect$$$$00000000)
    _main_stk                                0x08000189   Thumb Code     0  entry2.o(.ARM.Collect$$$$00000001)
    _main_scatterload                        0x0800018d   Thumb Code     0  entry5.o(.ARM.Collect$$$$00000004)
    __main_after_scatterload                 0x08000191   Thumb Code     0  entry5.o(.ARM.Collect$$$$00000004)
    _main_clock                              0x08000191   Thumb Code     0  entry7b.o(.ARM.Collect$$$$00000008)
    _main_cpp_init                           0x08000191   Thumb Code     0  entry8b.o(.ARM.Collect$$$$0000000A)
    _main_init                               0x08000191   Thumb Code     0  entry9a.o(.ARM.Collect$$$$0000000B)
    __rt_final_cpp                           0x08000199   Thumb Code     0  entry10a.o(.ARM.Collect$$$$0000000D)
    __rt_final_exit                          0x08000199   Thumb Code     0  entry11a.o(.ARM.Collect$$$$0000000F)
    Reset_Handler                            0x0800019d   Thumb Code     8  startup_stm32f302x8.o(.text)
    ADC1_IRQHandler                          0x080001b7   Thumb Code     0  startup_stm32f302x8.o(.text)
    CAN_RX1_IRQHandler                       0x080001b7   Thumb Code     0  startup_stm32f302x8.o(.text)
    CAN_SCE_IRQHandler                       0x080001b7   Thumb Code     0  startup_stm32f302x8.o(.text)
    COMP2_IRQHandler                         0x080001b7   Thumb Code     0  startup_stm32f302x8.o(.text)
    COMP4_6_IRQHandler                       0x080001b7   Thumb Code     0  startup_stm32f302x8.o(.text)
    DMA1_Channel2_IRQHandler                 0x080001b7   Thumb Code     0  startup_stm32f302x8.o(.text)
    DMA1_Channel3_IRQHandler                 0x080001b7   Thumb Code     0  startup_stm32f302x8.o(.text)
    DMA1_Channel4_IRQHandler                 0x080001b7   Thumb Code     0  startup_stm32f302x8.o(.text)
    DMA1_Channel5_IRQHandler                 0x080001b7   Thumb Code     0  startup_stm32f302x8.o(.text)
    DMA1_Channel6_IRQHandler                 0x080001b7   Thumb Code     0  startup_stm32f302x8.o(.text)
    DMA1_Channel7_IRQHandler                 0x080001b7   Thumb Code     0  startup_stm32f302x8.o(.text)
    EXTI0_IRQHandler                         0x080001b7   Thumb Code     0  startup_stm32f302x8.o(.text)
    EXTI15_10_IRQHandler                     0x080001b7   Thumb Code     0  startup_stm32f302x8.o(.text)
    EXTI1_IRQHandler                         0x080001b7   Thumb Code     0  startup_stm32f302x8.o(.text)
    EXTI3_IRQHandler                         0x080001b7   Thumb Code     0  startup_stm32f302x8.o(.text)
    EXTI4_IRQHandler                         0x080001b7   Thumb Code     0  startup_stm32f302x8.o(.text)
    EXTI9_5_IRQHandler                       0x080001b7   Thumb Code     0  startup_stm32f302x8.o(.text)
    FLASH_IRQHandler                         0x080001b7   Thumb Code     0  startup_stm32f302x8.o(.text)
    FPU_IRQHandler                           0x080001b7   Thumb Code     0  startup_stm32f302x8.o(.text)
    I2C1_ER_IRQHandler                       0x080001b7   Thumb Code     0  startup_stm32f302x8.o(.text)
    I2C1_EV_IRQHandler                       0x080001b7   Thumb Code     0  startup_stm32f302x8.o(.text)
    I2C2_ER_IRQHandler                       0x080001b7   Thumb Code     0  startup_stm32f302x8.o(.text)
    I2C2_EV_IRQHandler                       0x080001b7   Thumb Code     0  startup_stm32f302x8.o(.text)
    I2C3_ER_IRQHandler                       0x080001b7   Thumb Code     0  startup_stm32f302x8.o(.text)
    I2C3_EV_IRQHandler                       0x080001b7   Thumb Code     0  startup_stm32f302x8.o(.text)
    PVD_IRQHandler                           0x080001b7   Thumb Code     0  startup_stm32f302x8.o(.text)
    RCC_IRQHandler                           0x080001b7   Thumb Code     0  startup_stm32f302x8.o(.text)
    RTC_Alarm_IRQHandler                     0x080001b7   Thumb Code     0  startup_stm32f302x8.o(.text)
    RTC_WKUP_IRQHandler                      0x080001b7   Thumb Code     0  startup_stm32f302x8.o(.text)
    SPI2_IRQHandler                          0x080001b7   Thumb Code     0  startup_stm32f302x8.o(.text)
    SPI3_IRQHandler                          0x080001b7   Thumb Code     0  startup_stm32f302x8.o(.text)
    TAMP_STAMP_IRQHandler                    0x080001b7   Thumb Code     0  startup_stm32f302x8.o(.text)
    TIM1_BRK_TIM15_IRQHandler                0x080001b7   Thumb Code     0  startup_stm32f302x8.o(.text)
    TIM1_CC_IRQHandler                       0x080001b7   Thumb Code     0  startup_stm32f302x8.o(.text)
    TIM1_TRG_COM_TIM17_IRQHandler            0x080001b7   Thumb Code     0  startup_stm32f302x8.o(.text)
    TIM1_UP_TIM16_IRQHandler                 0x080001b7   Thumb Code     0  startup_stm32f302x8.o(.text)
    TIM2_IRQHandler                          0x080001b7   Thumb Code     0  startup_stm32f302x8.o(.text)
    TIM6_DAC_IRQHandler                      0x080001b7   Thumb Code     0  startup_stm32f302x8.o(.text)
    USART1_IRQHandler                        0x080001b7   Thumb Code     0  startup_stm32f302x8.o(.text)
    USART2_IRQHandler                        0x080001b7   Thumb Code     0  startup_stm32f302x8.o(.text)
    USBWakeUp_IRQHandler                     0x080001b7   Thumb Code     0  startup_stm32f302x8.o(.text)
    USBWakeUp_RMP_IRQHandler                 0x080001b7   Thumb Code     0  startup_stm32f302x8.o(.text)
    USB_HP_CAN_TX_IRQHandler                 0x080001b7   Thumb Code     0  startup_stm32f302x8.o(.text)
    USB_HP_IRQHandler                        0x080001b7   Thumb Code     0  startup_stm32f302x8.o(.text)
    USB_LP_CAN_RX0_IRQHandler                0x080001b7   Thumb Code     0  startup_stm32f302x8.o(.text)
    USB_LP_IRQHandler                        0x080001b7   Thumb Code     0  startup_stm32f302x8.o(.text)
    WWDG_IRQHandler                          0x080001b7   Thumb Code     0  startup_stm32f302x8.o(.text)
    __aeabi_uldivmod                         0x080001c1   Thumb Code    98  uldiv.o(.text)
    __aeabi_ldivmod                          0x08000223   Thumb Code    98  ldiv.o(.text)
    __aeabi_llsr                             0x08000285   Thumb Code    32  llushr.o(.text)
    _ll_ushift_r                             0x08000285   Thumb Code     0  llushr.o(.text)
    __aeabi_memset                           0x080002a5   Thumb Code    14  memseta.o(.text)
    __aeabi_memset4                          0x080002a5   Thumb Code     0  memseta.o(.text)
    __aeabi_memset8                          0x080002a5   Thumb Code     0  memseta.o(.text)
    __aeabi_memclr                           0x080002b3   Thumb Code     4  memseta.o(.text)
    __aeabi_memclr4                          0x080002b3   Thumb Code     0  memseta.o(.text)
    __aeabi_memclr8                          0x080002b3   Thumb Code     0  memseta.o(.text)
    _memset$wrapper                          0x080002b7   Thumb Code    18  memseta.o(.text)
    __aeabi_uidiv                            0x080002c9   Thumb Code     0  uidiv.o(.text)
    __aeabi_uidivmod                         0x080002c9   Thumb Code    44  uidiv.o(.text)
    __aeabi_llsl                             0x080002f5   Thumb Code    30  llshl.o(.text)
    _ll_shift_l                              0x080002f5   Thumb Code     0  llshl.o(.text)
    __scatterload                            0x08000315   Thumb Code    28  init.o(.text)
    __scatterload_rt2                        0x08000315   Thumb Code     0  init.o(.text)
    arm_mean_q31                             0x08000339   Thumb Code   126  arm_mean_q31.o(.text.arm_mean_q31)
    ADS8864_ReadValue                        0x080003b9   Thumb Code   180  ads8864.o(i.ADS8864_ReadValue)
    BusFault_Handler                         0x08000485   Thumb Code     4  stm32f3xx_it.o(i.BusFault_Handler)
    CAN_Init                                 0x08000489   Thumb Code    66  can_bsp.o(i.CAN_Init)
    CAN_SendData                             0x080004d1   Thumb Code    86  can_bsp.o(i.CAN_SendData)
    DMA1_Channel1_IRQHandler                 0x08000551   Thumb Code    10  stm32f3xx_it.o(i.DMA1_Channel1_IRQHandler)
    DebugMon_Handler                         0x0800057d   Thumb Code     2  stm32f3xx_it.o(i.DebugMon_Handler)
    EXTI2_TSC_IRQHandler                     0x0800057f   Thumb Code     8  stm32f3xx_it.o(i.EXTI2_TSC_IRQHandler)
    Error_Handler                            0x08000587   Thumb Code     6  main.o(i.Error_Handler)
    HAL_CAN_AddTxMessage                     0x0800058d   Thumb Code   342  stm32f3xx_hal_can.o(i.HAL_CAN_AddTxMessage)
    HAL_CAN_ConfigFilter                     0x080006e3   Thumb Code   266  stm32f3xx_hal_can.o(i.HAL_CAN_ConfigFilter)
    HAL_CAN_GetTxMailboxesFreeLevel          0x080007ed   Thumb Code    54  stm32f3xx_hal_can.o(i.HAL_CAN_GetTxMailboxesFreeLevel)
    HAL_CAN_Init                             0x08000823   Thumb Code   372  stm32f3xx_hal_can.o(i.HAL_CAN_Init)
    HAL_CAN_MspInit                          0x08000999   Thumb Code   110  can.o(i.HAL_CAN_MspInit)
    HAL_CAN_Start                            0x08000a11   Thumb Code    94  stm32f3xx_hal_can.o(i.HAL_CAN_Start)
    HAL_DMA_Abort                            0x08000a6f   Thumb Code    84  stm32f3xx_hal_dma.o(i.HAL_DMA_Abort)
    HAL_DMA_Abort_IT                         0x08000ac3   Thumb Code    88  stm32f3xx_hal_dma.o(i.HAL_DMA_Abort_IT)
    HAL_DMA_IRQHandler                       0x08000b1b   Thumb Code   230  stm32f3xx_hal_dma.o(i.HAL_DMA_IRQHandler)
    HAL_DMA_Init                             0x08000c01   Thumb Code    86  stm32f3xx_hal_dma.o(i.HAL_DMA_Init)
    HAL_Delay                                0x08000c59   Thumb Code    36  stm32f3xx_hal.o(i.HAL_Delay)
    HAL_GPIO_Init                            0x08000c81   Thumb Code   406  stm32f3xx_hal_gpio.o(i.HAL_GPIO_Init)
    HAL_GetTick                              0x08000e31   Thumb Code     6  stm32f3xx_hal.o(i.HAL_GetTick)
    HAL_I2CEx_ConfigAnalogFilter             0x08000e3d   Thumb Code   106  stm32f3xx_hal_i2c_ex.o(i.HAL_I2CEx_ConfigAnalogFilter)
    HAL_I2CEx_ConfigDigitalFilter            0x08000ea7   Thumb Code   104  stm32f3xx_hal_i2c_ex.o(i.HAL_I2CEx_ConfigDigitalFilter)
    HAL_I2C_Init                             0x08000f11   Thumb Code   192  stm32f3xx_hal_i2c.o(i.HAL_I2C_Init)
    HAL_I2C_MspInit                          0x08000fd5   Thumb Code   110  i2c.o(i.HAL_I2C_MspInit)
    HAL_IncTick                              0x08001051   Thumb Code    16  stm32f3xx_hal.o(i.HAL_IncTick)
    HAL_Init                                 0x08001069   Thumb Code    34  stm32f3xx_hal.o(i.HAL_Init)
    HAL_InitTick                             0x08001091   Thumb Code    64  stm32f3xx_hal.o(i.HAL_InitTick)
    HAL_MspInit                              0x080010dd   Thumb Code    58  stm32f3xx_hal_msp.o(i.HAL_MspInit)
    HAL_NVIC_EnableIRQ                       0x0800111d   Thumb Code    32  stm32f3xx_hal_cortex.o(i.HAL_NVIC_EnableIRQ)
    HAL_NVIC_SetPriority                     0x0800113d   Thumb Code   124  stm32f3xx_hal_cortex.o(i.HAL_NVIC_SetPriority)
    HAL_NVIC_SetPriorityGrouping             0x080011b9   Thumb Code    32  stm32f3xx_hal_cortex.o(i.HAL_NVIC_SetPriorityGrouping)
    HAL_RCC_GetHCLKFreq                      0x080011e1   Thumb Code     6  stm32f3xx_hal_rcc.o(i.HAL_RCC_GetHCLKFreq)
    HAL_RCC_GetPCLK1Freq                     0x080011ed   Thumb Code    36  stm32f3xx_hal_rcc.o(i.HAL_RCC_GetPCLK1Freq)
    HAL_RCC_GetPCLK2Freq                     0x08001219   Thumb Code    36  stm32f3xx_hal_rcc.o(i.HAL_RCC_GetPCLK2Freq)
    HAL_RCC_GetSysClockFreq                  0x08001245   Thumb Code   138  stm32f3xx_hal_rcc.o(i.HAL_RCC_GetSysClockFreq)
    HAL_SPI_Init                             0x080012e5   Thumb Code   252  stm32f3xx_hal_spi.o(i.HAL_SPI_Init)
    HAL_SPI_MspInit                          0x080013e1   Thumb Code   110  spi.o(i.HAL_SPI_MspInit)
    HAL_SPI_Receive                          0x0800145d   Thumb Code   422  stm32f3xx_hal_spi.o(i.HAL_SPI_Receive)
    HAL_SPI_TransmitReceive                  0x08001603   Thumb Code   700  stm32f3xx_hal_spi.o(i.HAL_SPI_TransmitReceive)
    HAL_SYSTICK_Config                       0x080018bf   Thumb Code    52  stm32f3xx_hal_cortex.o(i.HAL_SYSTICK_Config)
    HAL_TIMEx_MasterConfigSynchronization    0x080018f5   Thumb Code   126  stm32f3xx_hal_tim_ex.o(i.HAL_TIMEx_MasterConfigSynchronization)
    HAL_TIM_MspPostInit                      0x0800197d   Thumb Code    82  tim.o(i.HAL_TIM_MspPostInit)
    HAL_TIM_PWM_ConfigChannel                0x080019d5   Thumb Code   368  stm32f3xx_hal_tim.o(i.HAL_TIM_PWM_ConfigChannel)
    HAL_TIM_PWM_Init                         0x08001b45   Thumb Code   110  stm32f3xx_hal_tim.o(i.HAL_TIM_PWM_Init)
    HAL_TIM_PWM_MspInit                      0x08001bb5   Thumb Code   102  tim.o(i.HAL_TIM_PWM_MspInit)
    HAL_UARTEx_RxEventCallback               0x08001c29   Thumb Code     2  stm32f3xx_hal_uart.o(i.HAL_UARTEx_RxEventCallback)
    HAL_UARTEx_WakeupCallback                0x08001c2b   Thumb Code     2  stm32f3xx_hal_uart_ex.o(i.HAL_UARTEx_WakeupCallback)
    HAL_UART_ErrorCallback                   0x08001c2d   Thumb Code     2  stm32f3xx_hal_uart.o(i.HAL_UART_ErrorCallback)
    HAL_UART_IRQHandler                      0x08001c31   Thumb Code   826  stm32f3xx_hal_uart.o(i.HAL_UART_IRQHandler)
    HAL_UART_Init                            0x08001f75   Thumb Code   116  stm32f3xx_hal_uart.o(i.HAL_UART_Init)
    HAL_UART_MspInit                         0x08001fe9   Thumb Code   222  usart.o(i.HAL_UART_MspInit)
    HAL_UART_Transmit                        0x080020d9   Thumb Code   210  stm32f3xx_hal_uart.o(i.HAL_UART_Transmit)
    HAL_UART_TxCpltCallback                  0x080021ab   Thumb Code     2  stm32f3xx_hal_uart.o(i.HAL_UART_TxCpltCallback)
    HardFault_Handler                        0x080021ad   Thumb Code     4  stm32f3xx_it.o(i.HardFault_Handler)
    LL_EXTI_Init                             0x0800228d   Thumb Code   358  stm32f3xx_ll_exti.o(i.LL_EXTI_Init)
    LL_GPIO_Init                             0x080023f9   Thumb Code   310  stm32f3xx_ll_gpio.o(i.LL_GPIO_Init)
    LL_SetSystemCoreClock                    0x080025b1   Thumb Code     6  stm32f3xx_ll_utils.o(i.LL_SetSystemCoreClock)
    LL_TIM_BDTR_Init                         0x080025bd   Thumb Code   134  stm32f3xx_ll_tim.o(i.LL_TIM_BDTR_Init)
    LL_TIM_Init                              0x08002649   Thumb Code   130  stm32f3xx_ll_tim.o(i.LL_TIM_Init)
    LL_TIM_OC_Init                           0x080027c5   Thumb Code   132  stm32f3xx_ll_tim.o(i.LL_TIM_OC_Init)
    LL_mDelay                                0x0800284d   Thumb Code    40  stm32f3xx_ll_utils.o(i.LL_mDelay)
    MX_CAN_Init                              0x08002875   Thumb Code    56  can.o(i.MX_CAN_Init)
    MX_DMA_Init                              0x080028b5   Thumb Code    44  dma.o(i.MX_DMA_Init)
    MX_GPIO_Init                             0x080028e5   Thumb Code   422  gpio.o(i.MX_GPIO_Init)
    MX_I2C1_Init                             0x08002a9d   Thumb Code    90  i2c.o(i.MX_I2C1_Init)
    MX_SPI2_Init                             0x08002b05   Thumb Code    76  spi.o(i.MX_SPI2_Init)
    MX_TIM15_Init                            0x08002b59   Thumb Code   346  tim.o(i.MX_TIM15_Init)
    MX_TIM2_Init                             0x08002cc1   Thumb Code   116  tim.o(i.MX_TIM2_Init)
    MX_USART1_UART_Init                      0x08002d39   Thumb Code    56  usart.o(i.MX_USART1_UART_Init)
    MX_USART3_UART_Init                      0x08002d79   Thumb Code    56  usart.o(i.MX_USART3_UART_Init)
    Mean_filter                              0x08002db9   Thumb Code    14  ads8864.o(i.Mean_filter)
    MemManage_Handler                        0x08002dd1   Thumb Code     4  stm32f3xx_it.o(i.MemManage_Handler)
    NMI_Handler                              0x08002dd5   Thumb Code     4  stm32f3xx_it.o(i.NMI_Handler)
    PendSV_Handler                           0x08003125   Thumb Code     2  stm32f3xx_it.o(i.PendSV_Handler)
    SVC_Handler                              0x080033dd   Thumb Code     2  stm32f3xx_it.o(i.SVC_Handler)
    SysTick_Handler                          0x080033df   Thumb Code     8  stm32f3xx_it.o(i.SysTick_Handler)
    SystemClock_Config                       0x080033e9   Thumb Code   360  main.o(i.SystemClock_Config)
    SystemInit                               0x0800355d   Thumb Code    14  system_stm32f3xx.o(i.SystemInit)
    TIM_Base_SetConfig                       0x08003571   Thumb Code   116  stm32f3xx_hal_tim.o(i.TIM_Base_SetConfig)
    TIM_OC2_SetConfig                        0x0800368d   Thumb Code   142  stm32f3xx_hal_tim.o(i.TIM_OC2_SetConfig)
    UART_AdvFeatureConfig                    0x08003909   Thumb Code   248  stm32f3xx_hal_uart.o(i.UART_AdvFeatureConfig)
    UART_CheckIdleState                      0x08003a01   Thumb Code   114  stm32f3xx_hal_uart.o(i.UART_CheckIdleState)
    UART_SetConfig                           0x08003b1d   Thumb Code   406  stm32f3xx_hal_uart.o(i.UART_SetConfig)
    UART_WaitOnFlagUntilTimeout              0x08003ccd   Thumb Code   248  stm32f3xx_hal_uart.o(i.UART_WaitOnFlagUntilTimeout)
    USART3_IRQHandler                        0x08003dc5   Thumb Code    10  stm32f3xx_it.o(i.USART3_IRQHandler)
    UsageFault_Handler                       0x08003dd5   Thumb Code     4  stm32f3xx_it.o(i.UsageFault_Handler)
    __0printf$1                              0x08003dd9   Thumb Code    22  printf1.o(i.__0printf$1)
    __1printf$1                              0x08003dd9   Thumb Code     0  printf1.o(i.__0printf$1)
    __2printf                                0x08003dd9   Thumb Code     0  printf1.o(i.__0printf$1)
    __scatterload_copy                       0x08003e31   Thumb Code    14  handlers.o(i.__scatterload_copy)
    __scatterload_null                       0x08003e3f   Thumb Code     2  handlers.o(i.__scatterload_null)
    __scatterload_zeroinit                   0x08003e41   Thumb Code    14  handlers.o(i.__scatterload_zeroinit)
    ads8864_Init                             0x08003fa5   Thumb Code    20  ads8864.o(i.ads8864_Init)
    fputc                                    0x08003fb9   Thumb Code    22  usart.o(i.fputc)
    main                                     0x08003fd5   Thumb Code   160  main.o(i.main)
    aPLLMULFactorTable                       0x080040c8   Data          16  stm32f3xx_hal_rcc.o(.constdata)
    aPredivFactorTable                       0x080040d8   Data          16  stm32f3xx_hal_rcc.o(.constdata)
    AHBPrescTable                            0x080040e8   Data          16  system_stm32f3xx.o(.constdata)
    APBPrescTable                            0x080040f8   Data           8  system_stm32f3xx.o(.constdata)
    Region$$Table$$Base                      0x08004100   Number         0  anon$$obj.o(Region$$Table)
    Region$$Table$$Limit                     0x08004120   Number         0  anon$$obj.o(Region$$Table)
    adc_data                                 0x20000000   Data           2  ads8864.o(.data)
    adc_mean                                 0x20000004   Data           4  ads8864.o(.data)
    adc_counter                              0x20000008   Data           2  ads8864.o(.data)
    adc_conv_flag                            0x2000000a   Data           1  ads8864.o(.data)
    k                                        0x2000000c   Data           4  main.o(.data)
    bias                                     0x20000010   Data           4  main.o(.data)
    MM_Out                                   0x20000014   Data           4  main.o(.data)
    TxData                                   0x20000018   Data           8  main.o(.data)
    RGB                                      0x20000020   Data           2  main.o(.data)
    uwTick                                   0x20000024   Data           4  stm32f3xx_hal.o(.data)
    uwTickPrio                               0x20000028   Data           4  stm32f3xx_hal.o(.data)
    uwTickFreq                               0x2000002c   Data           1  stm32f3xx_hal.o(.data)
    SystemCoreClock                          0x20000030   Data           4  system_stm32f3xx.o(.data)
    __stdout                                 0x20000034   Data           4  stdout.o(.data)
    adc_rawdata                              0x20000038   Data         128  ads8864.o(.bss)
    hcan                                     0x200000b8   Data          40  can.o(.bss)
    hi2c1                                    0x200000e0   Data          76  i2c.o(.bss)
    hspi2                                    0x2000012c   Data         100  spi.o(.bss)
    htim2                                    0x20000190   Data          76  tim.o(.bss)
    hdma_tim2_ch3                            0x200001dc   Data          68  tim.o(.bss)
    huart1                                   0x20000220   Data         132  usart.o(.bss)
    huart3                                   0x200002a4   Data         132  usart.o(.bss)
    __initial_sp                             0x20000728   Data           0  startup_stm32f302x8.o(STACK)



==============================================================================

Memory Map of the image

  Image Entry point : 0x08000189

  Load Region LR_IROM1 (Base: 0x08000000, Size: 0x00004158, Max: 0x00010000, ABSOLUTE)

    Execution Region ER_IROM1 (Exec base: 0x08000000, Load base: 0x08000000, Size: 0x00004120, Max: 0x00010000, ABSOLUTE)

    Exec Addr    Load Addr    Size         Type   Attr      Idx    E Section Name        Object

    0x08000000   0x08000000   0x00000188   Data   RO            3    RESET               startup_stm32f302x8.o
    0x08000188   0x08000188   0x00000000   Code   RO         5156  * .ARM.Collect$$$$00000000  mc_w.l(entry.o)
    0x08000188   0x08000188   0x00000004   Code   RO         5432    .ARM.Collect$$$$00000001  mc_w.l(entry2.o)
    0x0800018c   0x0800018c   0x00000004   Code   RO         5435    .ARM.Collect$$$$00000004  mc_w.l(entry5.o)
    0x08000190   0x08000190   0x00000000   Code   RO         5437    .ARM.Collect$$$$00000008  mc_w.l(entry7b.o)
    0x08000190   0x08000190   0x00000000   Code   RO         5439    .ARM.Collect$$$$0000000A  mc_w.l(entry8b.o)
    0x08000190   0x08000190   0x00000008   Code   RO         5440    .ARM.Collect$$$$0000000B  mc_w.l(entry9a.o)
    0x08000198   0x08000198   0x00000000   Code   RO         5442    .ARM.Collect$$$$0000000D  mc_w.l(entry10a.o)
    0x08000198   0x08000198   0x00000000   Code   RO         5444    .ARM.Collect$$$$0000000F  mc_w.l(entry11a.o)
    0x08000198   0x08000198   0x00000004   Code   RO         5433    .ARM.Collect$$$$00002712  mc_w.l(entry2.o)
    0x0800019c   0x0800019c   0x00000024   Code   RO            4    .text               startup_stm32f302x8.o
    0x080001c0   0x080001c0   0x00000062   Code   RO         5159    .text               mc_w.l(uldiv.o)
    0x08000222   0x08000222   0x00000062   Code   RO         5161    .text               mc_w.l(ldiv.o)
    0x08000284   0x08000284   0x00000020   Code   RO         5163    .text               mc_w.l(llushr.o)
    0x080002a4   0x080002a4   0x00000024   Code   RO         5167    .text               mc_w.l(memseta.o)
    0x080002c8   0x080002c8   0x0000002c   Code   RO         5447    .text               mc_w.l(uidiv.o)
    0x080002f4   0x080002f4   0x0000001e   Code   RO         5449    .text               mc_w.l(llshl.o)
    0x08000312   0x08000312   0x00000002   PAD
    0x08000314   0x08000314   0x00000024   Code   RO         5462    .text               mc_w.l(init.o)
    0x08000338   0x08000338   0x0000007e   Code   RO         5147    .text.arm_mean_q31  arm_cortexM4lf_math.lib(arm_mean_q31.o)
    0x080003b6   0x080003b6   0x00000002   PAD
    0x080003b8   0x080003b8   0x000000cc   Code   RO           13    i.ADS8864_ReadValue  ads8864.o
    0x08000484   0x08000484   0x00000004   Code   RO          793    i.BusFault_Handler  stm32f3xx_it.o
    0x08000488   0x08000488   0x00000048   Code   RO          232    i.CAN_Init          can_bsp.o
    0x080004d0   0x080004d0   0x00000056   Code   RO          233    i.CAN_SendData      can_bsp.o
    0x08000526   0x08000526   0x00000002   PAD
    0x08000528   0x08000528   0x0000000c   Code   RO           14    i.Convst_Reset      ads8864.o
    0x08000534   0x08000534   0x0000000c   Code   RO           15    i.Convst_Set        ads8864.o
    0x08000540   0x08000540   0x00000010   Code   RO           16    i.DIN_Set           ads8864.o
    0x08000550   0x08000550   0x00000010   Code   RO          794    i.DMA1_Channel1_IRQHandler  stm32f3xx_it.o
    0x08000560   0x08000560   0x0000001c   Code   RO         1904    i.DMA_CalcBaseAndBitshift  stm32f3xx_hal_dma.o
    0x0800057c   0x0800057c   0x00000002   Code   RO          795    i.DebugMon_Handler  stm32f3xx_it.o
    0x0800057e   0x0800057e   0x00000008   Code   RO          796    i.EXTI2_TSC_IRQHandler  stm32f3xx_it.o
    0x08000586   0x08000586   0x00000006   Code   RO          379    i.Error_Handler     main.o
    0x0800058c   0x0800058c   0x00000156   Code   RO         1163    i.HAL_CAN_AddTxMessage  stm32f3xx_hal_can.o
    0x080006e2   0x080006e2   0x0000010a   Code   RO         1164    i.HAL_CAN_ConfigFilter  stm32f3xx_hal_can.o
    0x080007ec   0x080007ec   0x00000036   Code   RO         1172    i.HAL_CAN_GetTxMailboxesFreeLevel  stm32f3xx_hal_can.o
    0x08000822   0x08000822   0x00000174   Code   RO         1175    i.HAL_CAN_Init      stm32f3xx_hal_can.o
    0x08000996   0x08000996   0x00000002   PAD
    0x08000998   0x08000998   0x00000078   Code   RO          512    i.HAL_CAN_MspInit   can.o
    0x08000a10   0x08000a10   0x0000005e   Code   RO         1187    i.HAL_CAN_Start     stm32f3xx_hal_can.o
    0x08000a6e   0x08000a6e   0x00000054   Code   RO         1906    i.HAL_DMA_Abort     stm32f3xx_hal_dma.o
    0x08000ac2   0x08000ac2   0x00000058   Code   RO         1907    i.HAL_DMA_Abort_IT  stm32f3xx_hal_dma.o
    0x08000b1a   0x08000b1a   0x000000e6   Code   RO         1911    i.HAL_DMA_IRQHandler  stm32f3xx_hal_dma.o
    0x08000c00   0x08000c00   0x00000056   Code   RO         1912    i.HAL_DMA_Init      stm32f3xx_hal_dma.o
    0x08000c56   0x08000c56   0x00000002   PAD
    0x08000c58   0x08000c58   0x00000028   Code   RO         1524    i.HAL_Delay         stm32f3xx_hal.o
    0x08000c80   0x08000c80   0x000001b0   Code   RO         1841    i.HAL_GPIO_Init     stm32f3xx_hal_gpio.o
    0x08000e30   0x08000e30   0x0000000c   Code   RO         1528    i.HAL_GetTick       stm32f3xx_hal.o
    0x08000e3c   0x08000e3c   0x0000006a   Code   RO         2935    i.HAL_I2CEx_ConfigAnalogFilter  stm32f3xx_hal_i2c_ex.o
    0x08000ea6   0x08000ea6   0x00000068   Code   RO         2936    i.HAL_I2CEx_ConfigDigitalFilter  stm32f3xx_hal_i2c_ex.o
    0x08000f0e   0x08000f0e   0x00000002   PAD
    0x08000f10   0x08000f10   0x000000c4   Code   RO         2484    i.HAL_I2C_Init      stm32f3xx_hal_i2c.o
    0x08000fd4   0x08000fd4   0x0000007c   Code   RO          581    i.HAL_I2C_MspInit   i2c.o
    0x08001050   0x08001050   0x00000018   Code   RO         1534    i.HAL_IncTick       stm32f3xx_hal.o
    0x08001068   0x08001068   0x00000028   Code   RO         1535    i.HAL_Init          stm32f3xx_hal.o
    0x08001090   0x08001090   0x0000004c   Code   RO         1536    i.HAL_InitTick      stm32f3xx_hal.o
    0x080010dc   0x080010dc   0x00000040   Code   RO          889    i.HAL_MspInit       stm32f3xx_hal_msp.o
    0x0800111c   0x0800111c   0x00000020   Code   RO         2006    i.HAL_NVIC_EnableIRQ  stm32f3xx_hal_cortex.o
    0x0800113c   0x0800113c   0x0000007c   Code   RO         2012    i.HAL_NVIC_SetPriority  stm32f3xx_hal_cortex.o
    0x080011b8   0x080011b8   0x00000028   Code   RO         2013    i.HAL_NVIC_SetPriorityGrouping  stm32f3xx_hal_cortex.o
    0x080011e0   0x080011e0   0x0000000c   Code   RO         1697    i.HAL_RCC_GetHCLKFreq  stm32f3xx_hal_rcc.o
    0x080011ec   0x080011ec   0x0000002c   Code   RO         1699    i.HAL_RCC_GetPCLK1Freq  stm32f3xx_hal_rcc.o
    0x08001218   0x08001218   0x0000002c   Code   RO         1700    i.HAL_RCC_GetPCLK2Freq  stm32f3xx_hal_rcc.o
    0x08001244   0x08001244   0x000000a0   Code   RO         1701    i.HAL_RCC_GetSysClockFreq  stm32f3xx_hal_rcc.o
    0x080012e4   0x080012e4   0x000000fc   Code   RO         3113    i.HAL_SPI_Init      stm32f3xx_hal_spi.o
    0x080013e0   0x080013e0   0x0000007c   Code   RO          624    i.HAL_SPI_MspInit   spi.o
    0x0800145c   0x0800145c   0x000001a6   Code   RO         3116    i.HAL_SPI_Receive   stm32f3xx_hal_spi.o
    0x08001602   0x08001602   0x000002bc   Code   RO         3122    i.HAL_SPI_TransmitReceive  stm32f3xx_hal_spi.o
    0x080018be   0x080018be   0x00000034   Code   RO         2017    i.HAL_SYSTICK_Config  stm32f3xx_hal_cortex.o
    0x080018f2   0x080018f2   0x00000002   PAD
    0x080018f4   0x080018f4   0x00000088   Code   RO         4201    i.HAL_TIMEx_MasterConfigSynchronization  stm32f3xx_hal_tim_ex.o
    0x0800197c   0x0800197c   0x00000058   Code   RO          666    i.HAL_TIM_MspPostInit  tim.o
    0x080019d4   0x080019d4   0x00000170   Code   RO         3527    i.HAL_TIM_PWM_ConfigChannel  stm32f3xx_hal_tim.o
    0x08001b44   0x08001b44   0x0000006e   Code   RO         3530    i.HAL_TIM_PWM_Init  stm32f3xx_hal_tim.o
    0x08001bb2   0x08001bb2   0x00000002   PAD
    0x08001bb4   0x08001bb4   0x00000074   Code   RO          668    i.HAL_TIM_PWM_MspInit  tim.o
    0x08001c28   0x08001c28   0x00000002   Code   RO         4647    i.HAL_UARTEx_RxEventCallback  stm32f3xx_hal_uart.o
    0x08001c2a   0x08001c2a   0x00000002   Code   RO         5043    i.HAL_UARTEx_WakeupCallback  stm32f3xx_hal_uart_ex.o
    0x08001c2c   0x08001c2c   0x00000002   Code   RO         4663    i.HAL_UART_ErrorCallback  stm32f3xx_hal_uart.o
    0x08001c2e   0x08001c2e   0x00000002   PAD
    0x08001c30   0x08001c30   0x00000344   Code   RO         4666    i.HAL_UART_IRQHandler  stm32f3xx_hal_uart.o
    0x08001f74   0x08001f74   0x00000074   Code   RO         4667    i.HAL_UART_Init     stm32f3xx_hal_uart.o
    0x08001fe8   0x08001fe8   0x000000f0   Code   RO          738    i.HAL_UART_MspInit  usart.o
    0x080020d8   0x080020d8   0x000000d2   Code   RO         4676    i.HAL_UART_Transmit  stm32f3xx_hal_uart.o
    0x080021aa   0x080021aa   0x00000002   Code   RO         4679    i.HAL_UART_TxCpltCallback  stm32f3xx_hal_uart.o
    0x080021ac   0x080021ac   0x00000004   Code   RO          797    i.HardFault_Handler  stm32f3xx_it.o
    0x080021b0   0x080021b0   0x0000001c   Code   RO          447    i.LL_AHB1_GRP1_EnableClock  gpio.o
    0x080021cc   0x080021cc   0x00000010   Code   RO         1011    i.LL_EXTI_DisableEvent_0_31  stm32f3xx_ll_exti.o
    0x080021dc   0x080021dc   0x00000010   Code   RO         1012    i.LL_EXTI_DisableEvent_32_63  stm32f3xx_ll_exti.o
    0x080021ec   0x080021ec   0x00000010   Code   RO         1013    i.LL_EXTI_DisableIT_0_31  stm32f3xx_ll_exti.o
    0x080021fc   0x080021fc   0x00000010   Code   RO         1014    i.LL_EXTI_DisableIT_32_63  stm32f3xx_ll_exti.o
    0x0800220c   0x0800220c   0x00000010   Code   RO         1015    i.LL_EXTI_EnableEvent_0_31  stm32f3xx_ll_exti.o
    0x0800221c   0x0800221c   0x00000010   Code   RO         1016    i.LL_EXTI_EnableEvent_32_63  stm32f3xx_ll_exti.o
    0x0800222c   0x0800222c   0x00000010   Code   RO         1017    i.LL_EXTI_EnableFallingTrig_0_31  stm32f3xx_ll_exti.o
    0x0800223c   0x0800223c   0x00000010   Code   RO         1018    i.LL_EXTI_EnableFallingTrig_32_63  stm32f3xx_ll_exti.o
    0x0800224c   0x0800224c   0x00000010   Code   RO         1019    i.LL_EXTI_EnableIT_0_31  stm32f3xx_ll_exti.o
    0x0800225c   0x0800225c   0x00000010   Code   RO         1020    i.LL_EXTI_EnableIT_32_63  stm32f3xx_ll_exti.o
    0x0800226c   0x0800226c   0x00000010   Code   RO         1021    i.LL_EXTI_EnableRisingTrig_0_31  stm32f3xx_ll_exti.o
    0x0800227c   0x0800227c   0x00000010   Code   RO         1022    i.LL_EXTI_EnableRisingTrig_32_63  stm32f3xx_ll_exti.o
    0x0800228c   0x0800228c   0x0000016c   Code   RO         1023    i.LL_EXTI_Init      stm32f3xx_ll_exti.o
    0x080023f8   0x080023f8   0x00000136   Code   RO         1112    i.LL_GPIO_Init      stm32f3xx_ll_gpio.o
    0x0800252e   0x0800252e   0x00000004   Code   RO          448    i.LL_GPIO_ResetOutputPin  gpio.o
    0x08002532   0x08002532   0x00000028   Code   RO          449    i.LL_GPIO_SetPinMode  gpio.o
    0x0800255a   0x0800255a   0x00000028   Code   RO          450    i.LL_GPIO_SetPinPull  gpio.o
    0x08002582   0x08002582   0x00000002   PAD
    0x08002584   0x08002584   0x0000002c   Code   RO          451    i.LL_SYSCFG_SetEXTISource  gpio.o
    0x080025b0   0x080025b0   0x0000000c   Code   RO          923    i.LL_SetSystemCoreClock  stm32f3xx_ll_utils.o
    0x080025bc   0x080025bc   0x0000008c   Code   RO         4467    i.LL_TIM_BDTR_Init  stm32f3xx_ll_tim.o
    0x08002648   0x08002648   0x00000094   Code   RO         4476    i.LL_TIM_Init       stm32f3xx_ll_tim.o
    0x080026dc   0x080026dc   0x00000074   Code   RO          669    i.LL_TIM_OC_DisableFast  tim.o
    0x08002750   0x08002750   0x00000074   Code   RO          670    i.LL_TIM_OC_EnablePreload  tim.o
    0x080027c4   0x080027c4   0x00000084   Code   RO         4477    i.LL_TIM_OC_Init    stm32f3xx_ll_tim.o
    0x08002848   0x08002848   0x00000004   Code   RO         4478    i.LL_TIM_OC_SetCompareCH2  stm32f3xx_ll_tim.o
    0x0800284c   0x0800284c   0x00000028   Code   RO          924    i.LL_mDelay         stm32f3xx_ll_utils.o
    0x08002874   0x08002874   0x00000040   Code   RO          513    i.MX_CAN_Init       can.o
    0x080028b4   0x080028b4   0x00000030   Code   RO          554    i.MX_DMA_Init       dma.o
    0x080028e4   0x080028e4   0x000001b8   Code   RO          452    i.MX_GPIO_Init      gpio.o
    0x08002a9c   0x08002a9c   0x00000068   Code   RO          582    i.MX_I2C1_Init      i2c.o
    0x08002b04   0x08002b04   0x00000054   Code   RO          625    i.MX_SPI2_Init      spi.o
    0x08002b58   0x08002b58   0x00000168   Code   RO          671    i.MX_TIM15_Init     tim.o
    0x08002cc0   0x08002cc0   0x00000078   Code   RO          672    i.MX_TIM2_Init      tim.o
    0x08002d38   0x08002d38   0x00000040   Code   RO          739    i.MX_USART1_UART_Init  usart.o
    0x08002d78   0x08002d78   0x00000040   Code   RO          740    i.MX_USART3_UART_Init  usart.o
    0x08002db8   0x08002db8   0x00000018   Code   RO           17    i.Mean_filter       ads8864.o
    0x08002dd0   0x08002dd0   0x00000004   Code   RO          798    i.MemManage_Handler  stm32f3xx_it.o
    0x08002dd4   0x08002dd4   0x00000004   Code   RO          799    i.NMI_Handler       stm32f3xx_it.o
    0x08002dd8   0x08002dd8   0x0000009c   Code   RO         4481    i.OC1Config         stm32f3xx_ll_tim.o
    0x08002e74   0x08002e74   0x000000a4   Code   RO         4482    i.OC2Config         stm32f3xx_ll_tim.o
    0x08002f18   0x08002f18   0x0000009c   Code   RO         4483    i.OC3Config         stm32f3xx_ll_tim.o
    0x08002fb4   0x08002fb4   0x0000007c   Code   RO         4484    i.OC4Config         stm32f3xx_ll_tim.o
    0x08003030   0x08003030   0x0000007c   Code   RO         4485    i.OC5Config         stm32f3xx_ll_tim.o
    0x080030ac   0x080030ac   0x00000078   Code   RO         4486    i.OC6Config         stm32f3xx_ll_tim.o
    0x08003124   0x08003124   0x00000002   Code   RO          800    i.PendSV_Handler    stm32f3xx_it.o
    0x08003126   0x08003126   0x00000082   Code   RO         3150    i.SPI_EndRxTransaction  stm32f3xx_hal_spi.o
    0x080031a8   0x080031a8   0x00000064   Code   RO         3151    i.SPI_EndRxTxTransaction  stm32f3xx_hal_spi.o
    0x0800320c   0x0800320c   0x000000f8   Code   RO         3156    i.SPI_WaitFifoStateUntilTimeout  stm32f3xx_hal_spi.o
    0x08003304   0x08003304   0x000000d8   Code   RO         3157    i.SPI_WaitFlagStateUntilTimeout  stm32f3xx_hal_spi.o
    0x080033dc   0x080033dc   0x00000002   Code   RO          801    i.SVC_Handler       stm32f3xx_it.o
    0x080033de   0x080033de   0x00000008   Code   RO          802    i.SysTick_Handler   stm32f3xx_it.o
    0x080033e6   0x080033e6   0x00000002   PAD
    0x080033e8   0x080033e8   0x00000174   Code   RO          380    i.SystemClock_Config  main.o
    0x0800355c   0x0800355c   0x00000014   Code   RO         5113    i.SystemInit        system_stm32f3xx.o
    0x08003570   0x08003570   0x00000084   Code   RO         3548    i.TIM_Base_SetConfig  stm32f3xx_hal_tim.o
    0x080035f4   0x080035f4   0x00000098   Code   RO         3561    i.TIM_OC1_SetConfig  stm32f3xx_hal_tim.o
    0x0800368c   0x0800368c   0x000000a4   Code   RO         3562    i.TIM_OC2_SetConfig  stm32f3xx_hal_tim.o
    0x08003730   0x08003730   0x000000a0   Code   RO         3563    i.TIM_OC3_SetConfig  stm32f3xx_hal_tim.o
    0x080037d0   0x080037d0   0x0000006c   Code   RO         3564    i.TIM_OC4_SetConfig  stm32f3xx_hal_tim.o
    0x0800383c   0x0800383c   0x00000064   Code   RO         3565    i.TIM_OC5_SetConfig  stm32f3xx_hal_tim.o
    0x080038a0   0x080038a0   0x00000068   Code   RO         3566    i.TIM_OC6_SetConfig  stm32f3xx_hal_tim.o
    0x08003908   0x08003908   0x000000f8   Code   RO         4681    i.UART_AdvFeatureConfig  stm32f3xx_hal_uart.o
    0x08003a00   0x08003a00   0x00000072   Code   RO         4682    i.UART_CheckIdleState  stm32f3xx_hal_uart.o
    0x08003a72   0x08003a72   0x00000018   Code   RO         4683    i.UART_DMAAbortOnError  stm32f3xx_hal_uart.o
    0x08003a8a   0x08003a8a   0x00000064   Code   RO         4693    i.UART_EndRxTransfer  stm32f3xx_hal_uart.o
    0x08003aee   0x08003aee   0x0000002e   Code   RO         4694    i.UART_EndTransmit_IT  stm32f3xx_hal_uart.o
    0x08003b1c   0x08003b1c   0x000001b0   Code   RO         4698    i.UART_SetConfig    stm32f3xx_hal_uart.o
    0x08003ccc   0x08003ccc   0x000000f8   Code   RO         4703    i.UART_WaitOnFlagUntilTimeout  stm32f3xx_hal_uart.o
    0x08003dc4   0x08003dc4   0x00000010   Code   RO          803    i.USART3_IRQHandler  stm32f3xx_it.o
    0x08003dd4   0x08003dd4   0x00000004   Code   RO          804    i.UsageFault_Handler  stm32f3xx_it.o
    0x08003dd8   0x08003dd8   0x00000020   Code   RO         5216    i.__0printf$1       mc_w.l(printf1.o)
    0x08003df8   0x08003df8   0x00000010   Code   RO         2019    i.__NVIC_GetPriorityGrouping  stm32f3xx_hal_cortex.o
    0x08003e08   0x08003e08   0x00000028   Code   RO         2020    i.__NVIC_SetPriority  stm32f3xx_hal_cortex.o
    0x08003e30   0x08003e30   0x0000000e   Code   RO         5470    i.__scatterload_copy  mc_w.l(handlers.o)
    0x08003e3e   0x08003e3e   0x00000002   Code   RO         5471    i.__scatterload_null  mc_w.l(handlers.o)
    0x08003e40   0x08003e40   0x0000000e   Code   RO         5472    i.__scatterload_zeroinit  mc_w.l(handlers.o)
    0x08003e4e   0x08003e4e   0x00000002   PAD
    0x08003e50   0x08003e50   0x00000154   Code   RO         5223    i._printf_core      mc_w.l(printf1.o)
    0x08003fa4   0x08003fa4   0x00000014   Code   RO           18    i.ads8864_Init      ads8864.o
    0x08003fb8   0x08003fb8   0x0000001c   Code   RO          741    i.fputc             usart.o
    0x08003fd4   0x08003fd4   0x000000c0   Code   RO          381    i.main              main.o
    0x08004094   0x08004094   0x00000034   Data   RO          674    .constdata          tim.o
    0x080040c8   0x080040c8   0x00000020   Data   RO         1705    .constdata          stm32f3xx_hal_rcc.o
    0x080040e8   0x080040e8   0x00000018   Data   RO         5114    .constdata          system_stm32f3xx.o
    0x08004100   0x08004100   0x00000020   Data   RO         5468    Region$$Table       anon$$obj.o


    Execution Region RW_IRAM1 (Exec base: 0x20000000, Load base: 0x08004120, Size: 0x00000728, Max: 0x00004000, ABSOLUTE)

    Exec Addr    Load Addr    Size         Type   Attr      Idx    E Section Name        Object

    0x20000000   0x08004120   0x0000000b   Data   RW           21    .data               ads8864.o
    0x2000000b   0x0800412b   0x00000001   PAD
    0x2000000c   0x0800412c   0x00000018   Data   RW          383    .data               main.o
    0x20000024   0x08004144   0x00000009   Data   RW         1542    .data               stm32f3xx_hal.o
    0x2000002d   0x0800414d   0x00000003   PAD
    0x20000030   0x08004150   0x00000004   Data   RW         5115    .data               system_stm32f3xx.o
    0x20000034   0x08004154   0x00000004   Data   RW         5446    .data               mc_w.l(stdout.o)
    0x20000038        -       0x00000080   Zero   RW           19    .bss                ads8864.o
    0x200000b8        -       0x00000028   Zero   RW          514    .bss                can.o
    0x200000e0        -       0x0000004c   Zero   RW          583    .bss                i2c.o
    0x2000012c        -       0x00000064   Zero   RW          626    .bss                spi.o
    0x20000190        -       0x00000090   Zero   RW          673    .bss                tim.o
    0x20000220        -       0x00000108   Zero   RW          742    .bss                usart.o
    0x20000328        -       0x00000400   Zero   RW            1    STACK               startup_stm32f302x8.o


==============================================================================

Image component sizes


      Code (inc. data)   RO Data    RW Data    ZI Data      Debug   Object Name

       288         48          0         11        128     595279   ads8864.o
       184         18          0          0         40       1855   can.o
       158          6          0          0          0       9678   can_bsp.o
        48          4          0          0          0        618   dma.o
       596         26          0          0          0      39154   gpio.o
       228         28          0          0         76       1877   i2c.o
       570         44          0         24          0      28823   main.o
       208         22          0          0        100       1873   spi.o
        36          8        392          0       1024        844   startup_stm32f302x8.o
       192         36          0          9          0      12193   stm32f3xx_hal.o
      1128          0          0          0          0       4867   stm32f3xx_hal_can.o
       304         22          0          0          0      32823   stm32f3xx_hal_cortex.o
       516          4          0          0          0       3847   stm32f3xx_hal_dma.o
       432         26          0          0          0       1400   stm32f3xx_hal_gpio.o
       196          4          0          0          0       2695   stm32f3xx_hal_i2c.o
       210          0          0          0          0       1971   stm32f3xx_hal_i2c_ex.o
        64          6          0          0          0        862   stm32f3xx_hal_msp.o
       260         44         32          0          0       3514   stm32f3xx_hal_rcc.o
      2068         12          0          0          0       7927   stm32f3xx_hal_spi.o
      1398        142          0          0          0       7332   stm32f3xx_hal_tim.o
       136         10          0          0          0       1340   stm32f3xx_hal_tim_ex.o
      2380         56          0          0          0      11747   stm32f3xx_hal_uart.o
         2          0          0          0          0        984   stm32f3xx_hal_uart_ex.o
        74         12          0          0          0       5804   stm32f3xx_it.o
       556         54          0          0          0      12135   stm32f3xx_ll_exti.o
       310          0          0          0          0       7235   stm32f3xx_ll_gpio.o
      1268        154          0          0          0      44878   stm32f3xx_ll_tim.o
        52          6          0          0          0       5380   stm32f3xx_ll_utils.o
        20          6         24          4          0       1151   system_stm32f3xx.o
       916         58         52          0        144      38493   tim.o
       396         40          0          0        264       3261   usart.o

    ----------------------------------------------------------------------
     15212        896        532         52       1776     891840   Object Totals
         0          0         32          0          0          0   (incl. Generated)
        18          0          0          4          0          0   (incl. Padding)

    ----------------------------------------------------------------------

      Code (inc. data)   RO Data    RW Data    ZI Data      Debug   Library Member Name

       126          0          0          0          0       1138   arm_mean_q31.o
         0          0          0          0          0          0   entry.o
         0          0          0          0          0          0   entry10a.o
         0          0          0          0          0          0   entry11a.o
         8          4          0          0          0          0   entry2.o
         4          0          0          0          0          0   entry5.o
         0          0          0          0          0          0   entry7b.o
         0          0          0          0          0          0   entry8b.o
         8          4          0          0          0          0   entry9a.o
        30          0          0          0          0          0   handlers.o
        36          8          0          0          0         68   init.o
        98          0          0          0          0         84   ldiv.o
        30          0          0          0          0         68   llshl.o
        32          0          0          0          0         68   llushr.o
        36          0          0          0          0        108   memseta.o
       372         14          0          0          0        184   printf1.o
         0          0          0          4          0          0   stdout.o
        44          0          0          0          0         80   uidiv.o
        98          0          0          0          0         92   uldiv.o

    ----------------------------------------------------------------------
       928         30          0          4          0       1890   Library Totals
         6          0          0          0          0          0   (incl. Padding)

    ----------------------------------------------------------------------

      Code (inc. data)   RO Data    RW Data    ZI Data      Debug   Library Name

       126          0          0          0          0       1138   arm_cortexM4lf_math.lib
       796         30          0          4          0        752   mc_w.l

    ----------------------------------------------------------------------
       928         30          0          4          0       1890   Library Totals

    ----------------------------------------------------------------------

==============================================================================


      Code (inc. data)   RO Data    RW Data    ZI Data      Debug   

     16140        926        532         56       1776     880922   Grand Totals
     16140        926        532         56       1776     880922   ELF Image Totals
     16140        926        532         56          0          0   ROM Totals

==============================================================================

    Total RO  Size (Code + RO Data)                16672 (  16.28kB)
    Total RW  Size (RW Data + ZI Data)              1832 (   1.79kB)
    Total ROM Size (Code + RO Data + RW Data)      16728 (  16.34kB)

==============================================================================

